Archive member included to satisfy reference by file (symbol)

c:/program files (x86)/atollic/truestudio for stm32 9.1.0/armtools/bin/../lib/gcc/arm-atollic-eabi/6.3.1/../../../../arm-atollic-eabi/lib/armv7-m\libc_nano.a(lib_a-errno.o)
                              Src\syscalls.o (__errno)
c:/program files (x86)/atollic/truestudio for stm32 9.1.0/armtools/bin/../lib/gcc/arm-atollic-eabi/6.3.1/../../../../arm-atollic-eabi/lib/armv7-m\libc_nano.a(lib_a-impure.o)
                              c:/program files (x86)/atollic/truestudio for stm32 9.1.0/armtools/bin/../lib/gcc/arm-atollic-eabi/6.3.1/../../../../arm-atollic-eabi/lib/armv7-m\libc_nano.a(lib_a-errno.o) (_impure_ptr)
c:/program files (x86)/atollic/truestudio for stm32 9.1.0/armtools/bin/../lib/gcc/arm-atollic-eabi/6.3.1/../../../../arm-atollic-eabi/lib/armv7-m\libc_nano.a(lib_a-memcpy-stub.o)
                              Middlewares\Third_Party\FreeRTOS\Source\queue.o (memcpy)
c:/program files (x86)/atollic/truestudio for stm32 9.1.0/armtools/bin/../lib/gcc/arm-atollic-eabi/6.3.1/../../../../arm-atollic-eabi/lib/armv7-m\libc_nano.a(lib_a-memset.o)
                              Drivers\STM32F1xx_HAL_Driver\Src\stm32f1xx_hal_rcc.o (memset)
c:/program files (x86)/atollic/truestudio for stm32 9.1.0/armtools/bin/../lib/gcc/arm-atollic-eabi/6.3.1/../../../../arm-atollic-eabi/lib/armv7-m\libc_nano.a(lib_a-sprintf.o)
                              Src\processCommand.o (sprintf)
c:/program files (x86)/atollic/truestudio for stm32 9.1.0/armtools/bin/../lib/gcc/arm-atollic-eabi/6.3.1/../../../../arm-atollic-eabi/lib/armv7-m\libc_nano.a(lib_a-sscanf.o)
                              Src\processCommand.o (sscanf)
c:/program files (x86)/atollic/truestudio for stm32 9.1.0/armtools/bin/../lib/gcc/arm-atollic-eabi/6.3.1/../../../../arm-atollic-eabi/lib/armv7-m\libc_nano.a(lib_a-stdio.o)
                              c:/program files (x86)/atollic/truestudio for stm32 9.1.0/armtools/bin/../lib/gcc/arm-atollic-eabi/6.3.1/../../../../arm-atollic-eabi/lib/armv7-m\libc_nano.a(lib_a-sscanf.o) (__seofread)
c:/program files (x86)/atollic/truestudio for stm32 9.1.0/armtools/bin/../lib/gcc/arm-atollic-eabi/6.3.1/../../../../arm-atollic-eabi/lib/armv7-m\libc_nano.a(lib_a-strlen.o)
                              c:/program files (x86)/atollic/truestudio for stm32 9.1.0/armtools/bin/../lib/gcc/arm-atollic-eabi/6.3.1/../../../../arm-atollic-eabi/lib/armv7-m\libc_nano.a(lib_a-sscanf.o) (strlen)
c:/program files (x86)/atollic/truestudio for stm32 9.1.0/armtools/bin/../lib/gcc/arm-atollic-eabi/6.3.1/../../../../arm-atollic-eabi/lib/armv7-m\libc_nano.a(lib_a-writer.o)
                              c:/program files (x86)/atollic/truestudio for stm32 9.1.0/armtools/bin/../lib/gcc/arm-atollic-eabi/6.3.1/../../../../arm-atollic-eabi/lib/armv7-m\libc_nano.a(lib_a-stdio.o) (_write_r)
c:/program files (x86)/atollic/truestudio for stm32 9.1.0/armtools/bin/../lib/gcc/arm-atollic-eabi/6.3.1/../../../../arm-atollic-eabi/lib/armv7-m\libc_nano.a(lib_a-closer.o)
                              c:/program files (x86)/atollic/truestudio for stm32 9.1.0/armtools/bin/../lib/gcc/arm-atollic-eabi/6.3.1/../../../../arm-atollic-eabi/lib/armv7-m\libc_nano.a(lib_a-stdio.o) (_close_r)
c:/program files (x86)/atollic/truestudio for stm32 9.1.0/armtools/bin/../lib/gcc/arm-atollic-eabi/6.3.1/../../../../arm-atollic-eabi/lib/armv7-m\libc_nano.a(lib_a-lseekr.o)
                              c:/program files (x86)/atollic/truestudio for stm32 9.1.0/armtools/bin/../lib/gcc/arm-atollic-eabi/6.3.1/../../../../arm-atollic-eabi/lib/armv7-m\libc_nano.a(lib_a-stdio.o) (_lseek_r)
c:/program files (x86)/atollic/truestudio for stm32 9.1.0/armtools/bin/../lib/gcc/arm-atollic-eabi/6.3.1/../../../../arm-atollic-eabi/lib/armv7-m\libc_nano.a(lib_a-nano-svfprintf.o)
                              c:/program files (x86)/atollic/truestudio for stm32 9.1.0/armtools/bin/../lib/gcc/arm-atollic-eabi/6.3.1/../../../../arm-atollic-eabi/lib/armv7-m\libc_nano.a(lib_a-sprintf.o) (_svfprintf_r)
c:/program files (x86)/atollic/truestudio for stm32 9.1.0/armtools/bin/../lib/gcc/arm-atollic-eabi/6.3.1/../../../../arm-atollic-eabi/lib/armv7-m\libc_nano.a(lib_a-nano-svfscanf.o)
                              c:/program files (x86)/atollic/truestudio for stm32 9.1.0/armtools/bin/../lib/gcc/arm-atollic-eabi/6.3.1/../../../../arm-atollic-eabi/lib/armv7-m\libc_nano.a(lib_a-sscanf.o) (__ssvfscanf_r)
c:/program files (x86)/atollic/truestudio for stm32 9.1.0/armtools/bin/../lib/gcc/arm-atollic-eabi/6.3.1/../../../../arm-atollic-eabi/lib/armv7-m\libc_nano.a(lib_a-nano-vfprintf_i.o)
                              c:/program files (x86)/atollic/truestudio for stm32 9.1.0/armtools/bin/../lib/gcc/arm-atollic-eabi/6.3.1/../../../../arm-atollic-eabi/lib/armv7-m\libc_nano.a(lib_a-nano-svfprintf.o) (_printf_i)
[...]
Memory Configuration

Name             Origin             Length             Attributes
RAM              0x20000000         0x00010000         xrw
FLASH            0x08000000         0x00020000         xr
*default*        0x00000000         0xffffffff

Linker script and memory map

LOAD c:/program files (x86)/atollic/truestudio for stm32 9.1.0/armtools/bin/../lib/gcc/arm-atollic-eabi/6.3.1/armv7-m/crti.o
LOAD c:/program files (x86)/atollic/truestudio for stm32 9.1.0/armtools/bin/../lib/gcc/arm-atollic-eabi/6.3.1/armv7-m/crtbegin.o
LOAD Drivers\STM32F1xx_HAL_Driver\Src\stm32f1xx_hal.o
LOAD Drivers\STM32F1xx_HAL_Driver\Src\stm32f1xx_hal_adc.o
LOAD Drivers\STM32F1xx_HAL_Driver\Src\stm32f1xx_hal_adc_ex.o
LOAD Drivers\STM32F1xx_HAL_Driver\Src\stm32f1xx_hal_cortex.o
LOAD Drivers\STM32F1xx_HAL_Driver\Src\stm32f1xx_hal_dma.o
LOAD Drivers\STM32F1xx_HAL_Driver\Src\stm32f1xx_hal_flash.o
LOAD Drivers\STM32F1xx_HAL_Driver\Src\stm32f1xx_hal_flash_ex.o
LOAD Drivers\STM32F1xx_HAL_Driver\Src\stm32f1xx_hal_gpio.o
LOAD Drivers\STM32F1xx_HAL_Driver\Src\stm32f1xx_hal_gpio_ex.o
LOAD Drivers\STM32F1xx_HAL_Driver\Src\stm32f1xx_hal_pwr.o
LOAD Drivers\STM32F1xx_HAL_Driver\Src\stm32f1xx_hal_rcc.o
LOAD Drivers\STM32F1xx_HAL_Driver\Src\stm32f1xx_hal_rcc_ex.o
LOAD Drivers\STM32F1xx_HAL_Driver\Src\stm32f1xx_hal_tim.o
LOAD Drivers\STM32F1xx_HAL_Driver\Src\stm32f1xx_hal_tim_ex.o
LOAD Drivers\STM32F1xx_HAL_Driver\Src\stm32f1xx_hal_uart.o
LOAD Middlewares\Third_Party\FreeRTOS\Source\CMSIS_RTOS\cmsis_os.o
LOAD Middlewares\Third_Party\FreeRTOS\Source\croutine.o
LOAD Middlewares\Third_Party\FreeRTOS\Source\event_groups.o
LOAD Middlewares\Third_Party\FreeRTOS\Source\list.o
LOAD Middlewares\Third_Party\FreeRTOS\Source\portable\GCC\ARM_CM3\port.o
LOAD Middlewares\Third_Party\FreeRTOS\Source\portable\MemMang\heap_4.o
LOAD Middlewares\Third_Party\FreeRTOS\Source\queue.o
LOAD Middlewares\Third_Party\FreeRTOS\Source\tasks.o
LOAD Middlewares\Third_Party\FreeRTOS\Source\timers.o
LOAD Src\ScanBtn.o
LOAD Src\analyze.o
LOAD Src\controllerInit.o
LOAD Src\flashFunctions.o
LOAD Src\freertos.o
LOAD Src\main.o
LOAD Src\processCommand.o
LOAD Src\stm32f1xx_hal_msp.o
LOAD Src\stm32f1xx_it.o
LOAD Src\storeADCData.o
LOAD Src\syscalls.o
LOAD Src\system_stm32f1xx.o
LOAD Src\usefull.o
LOAD startup\startup_stm32f105xc.o
                0x00000080                malloc_getpagesize_P = 0x80
START GROUP
LOAD c:/program files (x86)/atollic/truestudio for stm32 9.1.0/armtools/bin/../lib/gcc/arm-atollic-eabi/6.3.1/../../../../arm-atollic-eabi/lib/armv7-m\libc_nano.a
LOAD c:/program files (x86)/atollic/truestudio for stm32 9.1.0/armtools/bin/../lib/gcc/arm-atollic-eabi/6.3.1/../../../../arm-atollic-eabi/lib/armv7-m\libm.a
END GROUP
START GROUP
LOAD c:/program files (x86)/atollic/truestudio for stm32 9.1.0/armtools/bin/../lib/gcc/arm-atollic-eabi/6.3.1/armv7-m\libgcc.a
LOAD c:/program files (x86)/atollic/truestudio for stm32 9.1.0/armtools/bin/../lib/gcc/arm-atollic-eabi/6.3.1/../../../../arm-atollic-eabi/lib/armv7-m\libc_nano.a
END GROUP
START GROUP
LOAD c:/program files (x86)/atollic/truestudio for stm32 9.1.0/armtools/bin/../lib/gcc/arm-atollic-eabi/6.3.1/armv7-m\libgcc.a
LOAD c:/program files (x86)/atollic/truestudio for stm32 9.1.0/armtools/bin/../lib/gcc/arm-atollic-eabi/6.3.1/../../../../arm-atollic-eabi/lib/armv7-m\libc_nano.a
LOAD c:/program files (x86)/atollic/truestudio for stm32 9.1.0/armtools/bin/../lib/gcc/arm-atollic-eabi/6.3.1/../../../../arm-atollic-eabi/lib/armv7-m\libnosys.a
END GROUP
START GROUP
LOAD c:/program files (x86)/atollic/truestudio for stm32 9.1.0/armtools/bin/../lib/gcc/arm-atollic-eabi/6.3.1/armv7-m\libgcc.a
LOAD c:/program files (x86)/atollic/truestudio for stm32 9.1.0/armtools/bin/../lib/gcc/arm-atollic-eabi/6.3.1/../../../../arm-atollic-eabi/lib/armv7-m\libc_nano.a
LOAD c:/program files (x86)/atollic/truestudio for stm32 9.1.0/armtools/bin/../lib/gcc/arm-atollic-eabi/6.3.1/../../../../arm-atollic-eabi/lib/armv7-m\libnosys.a
END GROUP
LOAD c:/program files (x86)/atollic/truestudio for stm32 9.1.0/armtools/bin/../lib/gcc/arm-atollic-eabi/6.3.1/armv7-m/crtend.o
LOAD c:/program files (x86)/atollic/truestudio for stm32 9.1.0/armtools/bin/../lib/gcc/arm-atollic-eabi/6.3.1/armv7-m/crtn.o
                0x20010000                _estack = 0x20010000
                0x00000200                _Min_Heap_Size = 0x200
                0x00000400                _Min_Stack_Size = 0x400

.isr_vector     0x08000000      0x1e4
                0x08000000                . = ALIGN (0x4)
 *(.isr_vector)
 .isr_vector    0x08000000      0x1e4 startup\startup_stm32f105xc.o
                0x08000000                g_pfnVectors
                0x080001e4                . = ALIGN (0x4)

.text           0x080001f0     0x53c4
                0x080001f0                . = ALIGN (0x4)
 *(.text)
 .text          0x080001f0       0x40 c:/program files (x86)/atollic/truestudio for stm32 9.1.0/armtools/bin/../lib/gcc/arm-atollic-eabi/6.3.1/armv7-m/crtbegin.o
 .text          0x08000230       0x10 c:/program files (x86)/atollic/truestudio for stm32 9.1.0/armtools/bin/../lib/gcc/arm-atollic-eabi/6.3.1/../../../../arm-atollic-eabi/lib/armv7-m\libc_nano.a(lib_a-strlen.o)
                0x08000230                strlen
 .text          0x08000240       0x18 c:/program files (x86)/atollic/truestudio for stm32 9.1.0/armtools/bin/../lib/gcc/arm-atollic-eabi/6.3.1/armv7-m\libgcc.a(_lshrdi3.o)
                0x08000240                __lshrdi3
                0x08000240                __aeabi_llsr
 .text          0x08000258       0x30 c:/program files (x86)/atollic/truestudio for stm32 9.1.0/armtools/bin/../lib/gcc/arm-atollic-eabi/6.3.1/armv7-m\libgcc.a(_aeabi_uldivmod.o)
                0x08000258                __aeabi_uldivmod
 .text          0x08000288      0x2dc c:/program files (x86)/atollic/truestudio for stm32 9.1.0/armtools/bin/../lib/gcc/arm-atollic-eabi/6.3.1/armv7-m\libgcc.a(_udivmoddi4.o)
                0x08000288                __udivmoddi4
 .text          0x08000564        0x4 c:/program files (x86)/atollic/truestudio for stm32 9.1.0/armtools/bin/../lib/gcc/arm-atollic-eabi/6.3.1/armv7-m\libgcc.a(_dvmd_tls.o)
                0x08000564                __aeabi_idiv0
                0x08000564                __aeabi_ldiv0
 *(.text*)
 .text.HAL_InitTick
                0x08000568       0x48 Drivers\STM32F1xx_HAL_Driver\Src\stm32f1xx_hal.o
                0x08000568                HAL_InitTick
 .text.HAL_Init
                0x080005b0       0x24 Drivers\STM32F1xx_HAL_Driver\Src\stm32f1xx_hal.o
                0x080005b0                HAL_Init
 .text.HAL_IncTick
                0x080005d4       0x18 Drivers\STM32F1xx_HAL_Driver\Src\stm32f1xx_hal.o
                0x080005d4                HAL_IncTick
 .text.HAL_GetTick
                0x080005ec        0xc Drivers\STM32F1xx_HAL_Driver\Src\stm32f1xx_hal.o
                0x080005ec                HAL_GetTick
 .text.HAL_GetUID
                0x080005f8       0x20 Drivers\STM32F1xx_HAL_Driver\Src\stm32f1xx_hal.o
                0x080005f8                HAL_GetUID
 .text.HAL_ADC_ConvCpltCallback
                0x08000618        0x2 Drivers\STM32F1xx_HAL_Driver\Src\stm32f1xx_hal_adc.o
                0x08000618                HAL_ADC_ConvCpltCallback
 .text.HAL_ADC_LevelOutOfWindowCallback
                0x0800061a        0x2 Drivers\STM32F1xx_HAL_Driver\Src\stm32f1xx_hal_adc.o
                0x0800061a                HAL_ADC_LevelOutOfWindowCallback
 .text.HAL_ADC_IRQHandler
                0x0800061c       0xec Drivers\STM32F1xx_HAL_Driver\Src\stm32f1xx_hal_adc.o
                0x0800061c                HAL_ADC_IRQHandler
 .text.ADC_Enable
                0x08000708       0x70 Drivers\STM32F1xx_HAL_Driver\Src\stm32f1xx_hal_adc.o
                0x08000708                ADC_Enable
 .text.ADC_ConversionStop_Disable
                0x08000778       0x44 Drivers\STM32F1xx_HAL_Driver\Src\stm32f1xx_hal_adc.o
                0x08000778                ADC_ConversionStop_Disable
 .text.HAL_ADC_Init
                0x080007bc      0x100 Drivers\STM32F1xx_HAL_Driver\Src\stm32f1xx_hal_adc.o
                0x080007bc                HAL_ADC_Init
 .text.HAL_ADCEx_InjectedStart_IT
                0x080008bc       0xb4 Drivers\STM32F1xx_HAL_Driver\Src\stm32f1xx_hal_adc_ex.o
                0x080008bc                HAL_ADCEx_InjectedStart_IT
 .text.HAL_ADCEx_InjectedGetValue
                0x08000970       0x1e Drivers\STM32F1xx_HAL_Driver\Src\stm32f1xx_hal_adc_ex.o
                0x08000970                HAL_ADCEx_InjectedGetValue
 *fill*         0x0800098e        0x2 
 .text.HAL_ADCEx_InjectedConfigChannel
                0x08000990      0x1d8 Drivers\STM32F1xx_HAL_Driver\Src\stm32f1xx_hal_adc_ex.o
                0x08000990                HAL_ADCEx_InjectedConfigChannel
 .text.HAL_NVIC_SetPriorityGrouping
                0x08000b68       0x24 Drivers\STM32F1xx_HAL_Driver\Src\stm32f1xx_hal_cortex.o
                0x08000b68                HAL_NVIC_SetPriorityGrouping
 .text.HAL_NVIC_SetPriority
                0x08000b8c       0x68 Drivers\STM32F1xx_HAL_Driver\Src\stm32f1xx_hal_cortex.o
                0x08000b8c                HAL_NVIC_SetPriority
 .text.HAL_NVIC_EnableIRQ
                0x08000bf4       0x18 Drivers\STM32F1xx_HAL_Driver\Src\stm32f1xx_hal_cortex.o
                0x08000bf4                HAL_NVIC_EnableIRQ
 .text.HAL_SYSTICK_Config
                0x08000c0c       0x2c Drivers\STM32F1xx_HAL_Driver\Src\stm32f1xx_hal_cortex.o
                0x08000c0c                HAL_SYSTICK_Config
 .text.HAL_DMA_Init
                0x08000c38       0x80 Drivers\STM32F1xx_HAL_Driver\Src\stm32f1xx_hal_dma.o
                0x08000c38                HAL_DMA_Init
 .text.HAL_DMA_Start_IT
                0x08000cb8       0x7a Drivers\STM32F1xx_HAL_Driver\Src\stm32f1xx_hal_dma.o
                0x08000cb8                HAL_DMA_Start_IT
 *fill*         0x08000d32        0x2 
 .text.HAL_DMA_Abort_IT
                0x08000d34       0xdc Drivers\STM32F1xx_HAL_Driver\Src\stm32f1xx_hal_dma.o
                0x08000d34                HAL_DMA_Abort_IT
 .text.HAL_DMA_IRQHandler
                0x08000e10      0x1b8 Drivers\STM32F1xx_HAL_Driver\Src\stm32f1xx_hal_dma.o
                0x08000e10                HAL_DMA_IRQHandler
 .text.FLASH_SetErrorCode
                0x08000fc8       0x50 Drivers\STM32F1xx_HAL_Driver\Src\stm32f1xx_hal_flash.o
 .text.HAL_FLASH_Unlock
                0x08001018       0x24 Drivers\STM32F1xx_HAL_Driver\Src\stm32f1xx_hal_flash.o
                0x08001018                HAL_FLASH_Unlock
 .text.HAL_FLASH_Lock
                0x0800103c       0x14 Drivers\STM32F1xx_HAL_Driver\Src\stm32f1xx_hal_flash.o
                0x0800103c                HAL_FLASH_Lock
 .text.FLASH_WaitForLastOperation
                0x08001050       0x54 Drivers\STM32F1xx_HAL_Driver\Src\stm32f1xx_hal_flash.o
                0x08001050                FLASH_WaitForLastOperation
 .text.HAL_FLASH_Program
                0x080010a4       0x8c Drivers\STM32F1xx_HAL_Driver\Src\stm32f1xx_hal_flash.o
                0x080010a4                HAL_FLASH_Program
 .text.FLASH_MassErase.isra.0
                0x08001130       0x24 Drivers\STM32F1xx_HAL_Driver\Src\stm32f1xx_hal_flash_ex.o
 .text.FLASH_PageErase
                0x08001154       0x24 Drivers\STM32F1xx_HAL_Driver\Src\stm32f1xx_hal_flash_ex.o
                0x08001154                FLASH_PageErase
 .text.HAL_FLASHEx_Erase
                0x08001178       0x9c Drivers\STM32F1xx_HAL_Driver\Src\stm32f1xx_hal_flash_ex.o
                0x08001178                HAL_FLASHEx_Erase
 .text.HAL_GPIO_Init
                0x08001214      0x1c0 Drivers\STM32F1xx_HAL_Driver\Src\stm32f1xx_hal_gpio.o
                0x08001214                HAL_GPIO_Init
 .text.HAL_GPIO_ReadPin
                0x080013d4        0xc Drivers\STM32F1xx_HAL_Driver\Src\stm32f1xx_hal_gpio.o
                0x080013d4                HAL_GPIO_ReadPin
 .text.HAL_GPIO_WritePin
                0x080013e0        0xa Drivers\STM32F1xx_HAL_Driver\Src\stm32f1xx_hal_gpio.o
                0x080013e0                HAL_GPIO_WritePin
 .text.HAL_GPIO_TogglePin
                0x080013ea        0x8 Drivers\STM32F1xx_HAL_Driver\Src\stm32f1xx_hal_gpio.o
                0x080013ea                HAL_GPIO_TogglePin
 *fill*         0x080013f2        0x2 
 .text.HAL_RCC_OscConfig
                0x080013f4      0x3d8 Drivers\STM32F1xx_HAL_Driver\Src\stm32f1xx_hal_rcc.o
                0x080013f4                HAL_RCC_OscConfig
 .text.HAL_RCC_GetSysClockFreq
                0x080017cc       0xc4 Drivers\STM32F1xx_HAL_Driver\Src\stm32f1xx_hal_rcc.o
                0x080017cc                HAL_RCC_GetSysClockFreq
 .text.HAL_RCC_ClockConfig
                0x08001890      0x164 Drivers\STM32F1xx_HAL_Driver\Src\stm32f1xx_hal_rcc.o
                0x08001890                HAL_RCC_ClockConfig
 .text.HAL_RCC_GetPCLK1Freq
                0x080019f4       0x20 Drivers\STM32F1xx_HAL_Driver\Src\stm32f1xx_hal_rcc.o
                0x080019f4                HAL_RCC_GetPCLK1Freq
 .text.HAL_RCC_GetPCLK2Freq
                0x08001a14       0x20 Drivers\STM32F1xx_HAL_Driver\Src\stm32f1xx_hal_rcc.o
                0x08001a14                HAL_RCC_GetPCLK2Freq
 .text.HAL_RCCEx_PeriphCLKConfig
                0x08001a34      0x17c Drivers\STM32F1xx_HAL_Driver\Src\stm32f1xx_hal_rcc_ex.o
                0x08001a34                HAL_RCCEx_PeriphCLKConfig
 .text.UART_EndRxTransfer
                0x08001bb0       0x1a Drivers\STM32F1xx_HAL_Driver\Src\stm32f1xx_hal_uart.o
 *fill*         0x08001bca        0x2 
 .text.UART_SetConfig
                0x08001bcc      0x13c Drivers\STM32F1xx_HAL_Driver\Src\stm32f1xx_hal_uart.o
 .text.UART_WaitOnFlagUntilTimeout.constprop.3
                0x08001d08       0x50 Drivers\STM32F1xx_HAL_Driver\Src\stm32f1xx_hal_uart.o
 .text.HAL_UART_Init
                0x08001d58       0x5c Drivers\STM32F1xx_HAL_Driver\Src\stm32f1xx_hal_uart.o
                0x08001d58                HAL_UART_Init
 .text.HAL_UART_Transmit
                0x08001db4       0xb8 Drivers\STM32F1xx_HAL_Driver\Src\stm32f1xx_hal_uart.o
                0x08001db4                HAL_UART_Transmit
 .text.HAL_UART_Receive_IT
                0x08001e6c       0x4e Drivers\STM32F1xx_HAL_Driver\Src\stm32f1xx_hal_uart.o
                0x08001e6c                HAL_UART_Receive_IT
 *fill*         0x08001eba        0x2 
 .text.HAL_UART_Transmit_DMA
                0x08001ebc       0x74 Drivers\STM32F1xx_HAL_Driver\Src\stm32f1xx_hal_uart.o
                0x08001ebc                HAL_UART_Transmit_DMA
 .text.HAL_UART_TxCpltCallback
                0x08001f30        0x2 Drivers\STM32F1xx_HAL_Driver\Src\stm32f1xx_hal_uart.o
                0x08001f30                HAL_UART_TxCpltCallback
 .text.UART_DMATransmitCplt
                0x08001f32       0x2c Drivers\STM32F1xx_HAL_Driver\Src\stm32f1xx_hal_uart.o
 .text.HAL_UART_TxHalfCpltCallback
                0x08001f5e        0x2 Drivers\STM32F1xx_HAL_Driver\Src\stm32f1xx_hal_uart.o
                0x08001f5e                HAL_UART_TxHalfCpltCallback
 .text.UART_DMATxHalfCplt
                0x08001f60        0xa Drivers\STM32F1xx_HAL_Driver\Src\stm32f1xx_hal_uart.o
 .text.UART_Receive_IT
                0x08001f6a       0x7c Drivers\STM32F1xx_HAL_Driver\Src\stm32f1xx_hal_uart.o
 .text.HAL_UART_ErrorCallback
                0x08001fe6        0x2 Drivers\STM32F1xx_HAL_Driver\Src\stm32f1xx_hal_uart.o
                0x08001fe6                HAL_UART_ErrorCallback
 .text.UART_DMAError
                0x08001fe8       0x4e Drivers\STM32F1xx_HAL_Driver\Src\stm32f1xx_hal_uart.o
 *fill*         0x08002036        0x2 
 .text.HAL_UART_IRQHandler
                0x08002038      0x140 Drivers\STM32F1xx_HAL_Driver\Src\stm32f1xx_hal_uart.o
                0x08002038                HAL_UART_IRQHandler
 .text.UART_DMAAbortOnError
                0x08002178       0x10 Drivers\STM32F1xx_HAL_Driver\Src\stm32f1xx_hal_uart.o
 .text.osKernelStart
                0x08002188        0xa Middlewares\Third_Party\FreeRTOS\Source\CMSIS_RTOS\cmsis_os.o
                0x08002188                osKernelStart
 .text.osSystickHandler
                0x08002192       0x14 Middlewares\Third_Party\FreeRTOS\Source\CMSIS_RTOS\cmsis_os.o
                0x08002192                osSystickHandler
 .text.vListInitialise
                0x080021a6       0x16 Middlewares\Third_Party\FreeRTOS\Source\list.o
                0x080021a6                vListInitialise
 .text.vListInitialiseItem
                0x080021bc        0x6 Middlewares\Third_Party\FreeRTOS\Source\list.o
                0x080021bc                vListInitialiseItem
 .text.vListInsertEnd
                0x080021c2       0x18 Middlewares\Third_Party\FreeRTOS\Source\list.o
                0x080021c2                vListInsertEnd
 .text.vListInsert
                0x080021da       0x2e Middlewares\Third_Party\FreeRTOS\Source\list.o
                0x080021da                vListInsert
 .text.uxListRemove
                0x08002208       0x20 Middlewares\Third_Party\FreeRTOS\Source\list.o
                0x08002208                uxListRemove
 .text.prvTaskExitError
                0x08002228       0x30 Middlewares\Third_Party\FreeRTOS\Source\portable\GCC\ARM_CM3\port.o
 .text.prvPortStartFirstTask
                0x08002258       0x20 Middlewares\Third_Party\FreeRTOS\Source\portable\GCC\ARM_CM3\port.o
 .text.pxPortInitialiseStack
                0x08002278       0x24 Middlewares\Third_Party\FreeRTOS\Source\portable\GCC\ARM_CM3\port.o
                0x08002278                pxPortInitialiseStack
 *fill*         0x0800229c        0x4 
 .text.SVC_Handler
                0x080022a0       0x24 Middlewares\Third_Party\FreeRTOS\Source\portable\GCC\ARM_CM3\port.o
                0x080022a0                SVC_Handler
 .text.vPortEnterCritical
                0x080022c4       0x44 Middlewares\Third_Party\FreeRTOS\Source\portable\GCC\ARM_CM3\port.o
                0x080022c4                vPortEnterCritical
 .text.vPortExitCritical
                0x08002308       0x28 Middlewares\Third_Party\FreeRTOS\Source\portable\GCC\ARM_CM3\port.o
                0x08002308                vPortExitCritical
 .text.PendSV_Handler
                0x08002330       0x44 Middlewares\Third_Party\FreeRTOS\Source\portable\GCC\ARM_CM3\port.o
                0x08002330                PendSV_Handler
 .text.xPortSysTickHandler
                0x08002374       0x2c Middlewares\Third_Party\FreeRTOS\Source\portable\GCC\ARM_CM3\port.o
                0x08002374                xPortSysTickHandler
 .text.vPortSetupTimerInterrupt
                0x080023a0       0x28 Middlewares\Third_Party\FreeRTOS\Source\portable\GCC\ARM_CM3\port.o
                0x080023a0                vPortSetupTimerInterrupt
 .text.xPortStartScheduler
                0x080023c8       0x94 Middlewares\Third_Party\FreeRTOS\Source\portable\GCC\ARM_CM3\port.o
                0x080023c8                xPortStartScheduler
 .text.vPortValidateInterruptPriority
                0x0800245c       0x5c Middlewares\Third_Party\FreeRTOS\Source\portable\GCC\ARM_CM3\port.o
                0x0800245c                vPortValidateInterruptPriority
 .text.unlikely.prvInsertBlockIntoFreeList
                0x080024b8       0x48 Middlewares\Third_Party\FreeRTOS\Source\portable\MemMang\heap_4.o
 .text.pvPortMalloc
                0x08002500      0x11c Middlewares\Third_Party\FreeRTOS\Source\portable\MemMang\heap_4.o
                0x08002500                pvPortMalloc
 .text.vPortFree
                0x0800261c       0x70 Middlewares\Third_Party\FreeRTOS\Source\portable\MemMang\heap_4.o
                0x0800261c                vPortFree
 .text.unlikely.prvCopyDataToQueue
                0x0800268c       0x66 Middlewares\Third_Party\FreeRTOS\Source\queue.o
 .text.unlikely.prvCopyDataFromQueue
                0x080026f2       0x28 Middlewares\Third_Party\FreeRTOS\Source\queue.o
 .text.prvUnlockQueue
                0x0800271a       0x70 Middlewares\Third_Party\FreeRTOS\Source\queue.o
 *fill*         0x0800278a        0x2 
 .text.xQueueGenericReset
                0x0800278c       0x80 Middlewares\Third_Party\FreeRTOS\Source\queue.o
                0x0800278c                xQueueGenericReset
 .text.xQueueGenericCreate
                0x0800280c       0x42 Middlewares\Third_Party\FreeRTOS\Source\queue.o
                0x0800280c                xQueueGenericCreate
 *fill*         0x0800284e        0x2 
 .text.xQueueGenericSend
                0x08002850      0x16c Middlewares\Third_Party\FreeRTOS\Source\queue.o
                0x08002850                xQueueGenericSend
 .text.xQueueGenericSendFromISR
                0x080029bc       0xc4 Middlewares\Third_Party\FreeRTOS\Source\queue.o
                0x080029bc                xQueueGenericSendFromISR
 .text.xQueueGenericReceive
                0x08002a80      0x188 Middlewares\Third_Party\FreeRTOS\Source\queue.o
                0x08002a80                xQueueGenericReceive
 .text.prvResetNextTaskUnblockTime
                0x08002c08       0x24 Middlewares\Third_Party\FreeRTOS\Source\tasks.o
 .text.prvAddCurrentTaskToDelayedList
                0x08002c2c       0x8c Middlewares\Third_Party\FreeRTOS\Source\tasks.o
 .text.vTaskSetTimeOutState.part.5
                0x08002cb8       0x12 Middlewares\Third_Party\FreeRTOS\Source\tasks.o
 *fill*         0x08002cca        0x2 
 .text.xTaskCreate
                0x08002ccc      0x1a0 Middlewares\Third_Party\FreeRTOS\Source\tasks.o
                0x08002ccc                xTaskCreate
 .text.vTaskStartScheduler
                0x08002e6c       0x78 Middlewares\Third_Party\FreeRTOS\Source\tasks.o
                0x08002e6c                vTaskStartScheduler
 .text.vTaskSuspendAll
                0x08002ee4       0x10 Middlewares\Third_Party\FreeRTOS\Source\tasks.o
                0x08002ee4                vTaskSuspendAll
 .text.xTaskIncrementTick
                0x08002ef4      0x124 Middlewares\Third_Party\FreeRTOS\Source\tasks.o
                0x08002ef4                xTaskIncrementTick
 .text.xTaskResumeAll
                0x08003018       0xf0 Middlewares\Third_Party\FreeRTOS\Source\tasks.o
                0x08003018                xTaskResumeAll
 .text.vTaskDelay
                0x08003108       0x48 Middlewares\Third_Party\FreeRTOS\Source\tasks.o
                0x08003108                vTaskDelay
 .text.prvIdleTask
                0x08003150       0x74 Middlewares\Third_Party\FreeRTOS\Source\tasks.o
 .text.vTaskSwitchContext
                0x080031c4       0x74 Middlewares\Third_Party\FreeRTOS\Source\tasks.o
                0x080031c4                vTaskSwitchContext
 .text.vTaskPlaceOnEventList
                0x08003238       0x34 Middlewares\Third_Party\FreeRTOS\Source\tasks.o
                0x08003238                vTaskPlaceOnEventList
 .text.xTaskRemoveFromEventList
                0x0800326c       0x84 Middlewares\Third_Party\FreeRTOS\Source\tasks.o
                0x0800326c                xTaskRemoveFromEventList
 .text.vTaskSetTimeOutState
                0x080032f0       0x20 Middlewares\Third_Party\FreeRTOS\Source\tasks.o
                0x080032f0                vTaskSetTimeOutState
 .text.xTaskCheckForTimeOut
                0x08003310       0x74 Middlewares\Third_Party\FreeRTOS\Source\tasks.o
                0x08003310                xTaskCheckForTimeOut
 .text.vTaskMissedYield
                0x08003384        0xc Middlewares\Third_Party\FreeRTOS\Source\tasks.o
                0x08003384                vTaskMissedYield
 .text.xTaskGetSchedulerState
                0x08003390       0x20 Middlewares\Third_Party\FreeRTOS\Source\tasks.o
                0x08003390                xTaskGetSchedulerState
 .text.vTaskPriorityInherit
                0x080033b0       0x90 Middlewares\Third_Party\FreeRTOS\Source\tasks.o
                0x080033b0                vTaskPriorityInherit
 .text.xTaskPriorityDisinherit
                0x08003440       0xa0 Middlewares\Third_Party\FreeRTOS\Source\tasks.o
                0x08003440                xTaskPriorityDisinherit
 .text.pvTaskIncrementMutexHeldCount
                0x080034e0       0x18 Middlewares\Third_Party\FreeRTOS\Source\tasks.o
                0x080034e0                pvTaskIncrementMutexHeldCount
 .text.xScanButtonsTask
                0x080034f8       0x84 Src\ScanBtn.o
                0x080034f8                xScanButtonsTask
 .text.xAnalyzeTask
                0x0800357c      0x168 Src\analyze.o
                0x0800357c                xAnalyzeTask
 .text.xBlynkTask
                0x080036e4       0x1c Src\controllerInit.o
                0x080036e4                xBlynkTask
 .text.init_RF433
                0x08003700       0x10 Src\controllerInit.o
                0x08003700                init_RF433
 .text.controller_initialize
                0x08003710      0x100 Src\controllerInit.o
                0x08003710                controller_initialize
 .text.mWrite_flash
                0x08003810       0x50 Src\flashFunctions.o
                0x08003810                mWrite_flash
 .text.mRead_flash
                0x08003860       0x28 Src\flashFunctions.o
                0x08003860                mRead_flash
 .text.SystemClock_Config
                0x08003888       0x78 Src\main.o
                0x08003888                SystemClock_Config
 .text.startup.main
                0x08003900      0x1d4 Src\main.o
                0x08003900                main
 .text.HAL_UART_RxCpltCallback
                0x08003ad4       0x78 Src\main.o
                0x08003ad4                HAL_UART_RxCpltCallback
 .text.HAL_ADCEx_InjectedConvCpltCallback
                0x08003b4c       0x34 Src\main.o
                0x08003b4c                HAL_ADCEx_InjectedConvCpltCallback
 .text.Error_Handler
                0x08003b80        0x2 Src\main.o
                0x08003b80                Error_Handler
 *fill*         0x08003b82        0x2 
 .text.xProcessCommandTask
                0x08003b84      0x348 Src\processCommand.o
                0x08003b84                xProcessCommandTask
 .text.HAL_MspInit
                0x08003ecc       0x50 Src\stm32f1xx_hal_msp.o
                0x08003ecc                HAL_MspInit
 .text.HAL_ADC_MspInit
                0x08003f1c       0x6c Src\stm32f1xx_hal_msp.o
                0x08003f1c                HAL_ADC_MspInit
 .text.HAL_UART_MspInit
                0x08003f88       0xbc Src\stm32f1xx_hal_msp.o
                0x08003f88                HAL_UART_MspInit
 .text.NMI_Handler
                0x08004044        0x2 Src\stm32f1xx_it.o
                0x08004044                NMI_Handler
 .text.HardFault_Handler
                0x08004046        0x2 Src\stm32f1xx_it.o
                0x08004046                HardFault_Handler
 .text.MemManage_Handler
                0x08004048        0x2 Src\stm32f1xx_it.o
                0x08004048                MemManage_Handler
 .text.BusFault_Handler
                0x0800404a        0x2 Src\stm32f1xx_it.o
                0x0800404a                BusFault_Handler
 .text.UsageFault_Handler
                0x0800404c        0x2 Src\stm32f1xx_it.o
                0x0800404c                UsageFault_Handler
 .text.DebugMon_Handler
                0x0800404e        0x2 Src\stm32f1xx_it.o
                0x0800404e                DebugMon_Handler
 .text.SysTick_Handler
                0x08004050        0xe Src\stm32f1xx_it.o
                0x08004050                SysTick_Handler
 *fill*         0x0800405e        0x2 
 .text.DMA1_Channel4_IRQHandler
                0x08004060        0xc Src\stm32f1xx_it.o
                0x08004060                DMA1_Channel4_IRQHandler
 .text.ADC1_2_IRQHandler
                0x0800406c        0xc Src\stm32f1xx_it.o
                0x0800406c                ADC1_2_IRQHandler
 .text.USART1_IRQHandler
                0x08004078        0xc Src\stm32f1xx_it.o
                0x08004078                USART1_IRQHandler
 .text.fir_filter
                0x08004084       0x4c Src\storeADCData.o
                0x08004084                fir_filter
 .text.xStoreADCDataTask
                0x080040d0      0x1a8 Src\storeADCData.o
                0x080040d0                xStoreADCDataTask
 .text._sbrk    0x08004278       0x34 Src\syscalls.o
                0x08004278                _sbrk
 .text.SystemInit
                0x080042ac       0x58 Src\system_stm32f1xx.o
                0x080042ac                SystemInit
 .text.Reset_Handler
                0x08004304       0x44 startup\startup_stm32f105xc.o
                0x08004304                Reset_Handler
 .text.Default_Handler
                0x08004348        0x2 startup\startup_stm32f105xc.o
                0x08004348                RTC_Alarm_IRQHandler
                0x08004348                EXTI2_IRQHandler
                0x08004348                TIM1_CC_IRQHandler
                0x08004348                TIM6_IRQHandler
                0x08004348                PVD_IRQHandler
                0x08004348                CAN2_RX1_IRQHandler
                0x08004348                EXTI3_IRQHandler
                0x08004348                EXTI0_IRQHandler
                0x08004348                I2C2_EV_IRQHandler
                0x08004348                CAN1_RX0_IRQHandler
                0x08004348                CAN2_SCE_IRQHandler
                0x08004348                SPI1_IRQHandler
                0x08004348                TAMPER_IRQHandler
                0x08004348                CAN2_RX0_IRQHandler
                0x08004348                DMA2_Channel2_IRQHandler
                0x08004348                USART3_IRQHandler
                0x08004348                RTC_IRQHandler
                0x08004348                DMA1_Channel7_IRQHandler
                0x08004348                CAN1_RX1_IRQHandler
                0x08004348                UART5_IRQHandler
                0x08004348                TIM4_IRQHandler
                0x08004348                DMA2_Channel1_IRQHandler
                0x08004348                I2C1_EV_IRQHandler
                0x08004348                DMA1_Channel6_IRQHandler
                0x08004348                UART4_IRQHandler
                0x08004348                DMA2_Channel4_IRQHandler
                0x08004348                TIM3_IRQHandler
                0x08004348                RCC_IRQHandler
                0x08004348                TIM1_TRG_COM_IRQHandler
                0x08004348                DMA1_Channel1_IRQHandler
                0x08004348                Default_Handler
                0x08004348                EXTI15_10_IRQHandler
                0x08004348                TIM7_IRQHandler
                0x08004348                CAN2_TX_IRQHandler
                0x08004348                TIM5_IRQHandler
                0x08004348                EXTI9_5_IRQHandler
                0x08004348                SPI2_IRQHandler
                0x08004348                CAN1_TX_IRQHandler
                0x08004348                DMA2_Channel5_IRQHandler
                0x08004348                DMA1_Channel5_IRQHandler
                0x08004348                EXTI4_IRQHandler
                0x08004348                DMA1_Channel3_IRQHandler
                0x08004348                TIM1_UP_IRQHandler
                0x08004348                WWDG_IRQHandler
                0x08004348                TIM2_IRQHandler
                0x08004348                OTG_FS_WKUP_IRQHandler
                0x08004348                TIM1_BRK_IRQHandler
                0x08004348                EXTI1_IRQHandler
                0x08004348                USART2_IRQHandler
                0x08004348                I2C2_ER_IRQHandler
                0x08004348                DMA1_Channel2_IRQHandler
                0x08004348                CAN1_SCE_IRQHandler
                0x08004348                FLASH_IRQHandler
                0x08004348                OTG_FS_IRQHandler
                0x08004348                SPI3_IRQHandler
                0x08004348                I2C1_ER_IRQHandler
                0x08004348                DMA2_Channel3_IRQHandler
 *fill*         0x0800434a        0x2 
 .text.__errno  0x0800434c        0xc c:/program files (x86)/atollic/truestudio for stm32 9.1.0/armtools/bin/../lib/gcc/arm-atollic-eabi/6.3.1/../../../../arm-atollic-eabi/lib/armv7-m\libc_nano.a(lib_a-errno.o)
                0x0800434c                __errno
 .text.memcpy   0x08004358       0x16 c:/program files (x86)/atollic/truestudio for stm32 9.1.0/armtools/bin/../lib/gcc/arm-atollic-eabi/6.3.1/../../../../arm-atollic-eabi/lib/armv7-m\libc_nano.a(lib_a-memcpy-stub.o)
                0x08004358                memcpy
 .text.memset   0x0800436e       0x10 c:/program files (x86)/atollic/truestudio for stm32 9.1.0/armtools/bin/../lib/gcc/arm-atollic-eabi/6.3.1/../../../../arm-atollic-eabi/lib/armv7-m\libc_nano.a(lib_a-memset.o)
                0x0800436e                memset
 *fill*         0x0800437e        0x2 
 .text.sprintf  0x08004380       0x48 c:/program files (x86)/atollic/truestudio for stm32 9.1.0/armtools/bin/../lib/gcc/arm-atollic-eabi/6.3.1/../../../../arm-atollic-eabi/lib/armv7-m\libc_nano.a(lib_a-sprintf.o)
                0x08004380                siprintf
                0x08004380                sprintf
 .text.sscanf   0x080043c8       0x54 c:/program files (x86)/atollic/truestudio for stm32 9.1.0/armtools/bin/../lib/gcc/arm-atollic-eabi/6.3.1/../../../../arm-atollic-eabi/lib/armv7-m\libc_nano.a(lib_a-sscanf.o)
                0x080043c8                siscanf
                0x080043c8                sscanf
 .text.__seofread
                0x0800441c        0x4 c:/program files (x86)/atollic/truestudio for stm32 9.1.0/armtools/bin/../lib/gcc/arm-atollic-eabi/6.3.1/../../../../arm-atollic-eabi/lib/armv7-m\libc_nano.a(lib_a-stdio.o)
                0x0800441c                __seofread
 .text.__ssputs_r
                0x08004420       0xb6 c:/program files (x86)/atollic/truestudio for stm32 9.1.0/armtools/bin/../lib/gcc/arm-atollic-eabi/6.3.1/../../../../arm-atollic-eabi/lib/armv7-m\libc_nano.a(lib_a-nano-svfprintf.o)
                0x08004420                __ssputs_r
 *fill*         0x080044d6        0x2 
 .text._svfprintf_r
                0x080044d8      0x1e8 c:/program files (x86)/atollic/truestudio for stm32 9.1.0/armtools/bin/../lib/gcc/arm-atollic-eabi/6.3.1/../../../../arm-atollic-eabi/lib/armv7-m\libc_nano.a(lib_a-nano-svfprintf.o)
                0x080044d8                _svfiprintf_r
                0x080044d8                _svfprintf_r
 .text._sungetc_r
                0x080046c0       0x7a c:/program files (x86)/atollic/truestudio for stm32 9.1.0/armtools/bin/../lib/gcc/arm-atollic-eabi/6.3.1/../../../../arm-atollic-eabi/lib/armv7-m\libc_nano.a(lib_a-nano-svfscanf.o)
                0x080046c0                _sungetc_r
 .text.__ssrefill_r
                0x0800473a       0x3a c:/program files (x86)/atollic/truestudio for stm32 9.1.0/armtools/bin/../lib/gcc/arm-atollic-eabi/6.3.1/../../../../arm-atollic-eabi/lib/armv7-m\libc_nano.a(lib_a-nano-svfscanf.o)
                0x0800473a                __ssrefill_r
 .text.__ssvfscanf_r
                0x08004774      0x2a8 c:/program files (x86)/atollic/truestudio for stm32 9.1.0/armtools/bin/../lib/gcc/arm-atollic-eabi/6.3.1/../../../../arm-atollic-eabi/lib/armv7-m\libc_nano.a(lib_a-nano-svfscanf.o)
                0x08004774                __ssvfiscanf_r
                0x08004774                __ssvfscanf_r
 .text._printf_common
                0x08004a1c       0xee c:/program files (x86)/atollic/truestudio for stm32 9.1.0/armtools/bin/../lib/gcc/arm-atollic-eabi/6.3.1/../../../../arm-atollic-eabi/lib/armv7-m\libc_nano.a(lib_a-nano-vfprintf_i.o)
                0x08004a1c                _printf_common
 *fill*         0x08004b0a        0x2 
 .text._printf_i
                0x08004b0c      0x240 c:/program files (x86)/atollic/truestudio for stm32 9.1.0/armtools/bin/../lib/gcc/arm-atollic-eabi/6.3.1/../../../../arm-atollic-eabi/lib/armv7-m\libc_nano.a(lib_a-nano-vfprintf_i.o)
                0x08004b0c                _printf_i
 .text._scanf_chars
                0x08004d4c       0xc6 c:/program files (x86)/atollic/truestudio for stm32 9.1.0/armtools/bin/../lib/gcc/arm-atollic-eabi/6.3.1/../../../../arm-atollic-eabi/lib/armv7-m\libc_nano.a(lib_a-nano-vfscanf_i.o)
                0x08004d4c                _scanf_chars
 *fill*         0x08004e12        0x2 
 .text._scanf_i
                0x08004e14      0x1ec c:/program files (x86)/atollic/truestudio for stm32 9.1.0/armtools/bin/../lib/gcc/arm-atollic-eabi/6.3.1/../../../../arm-atollic-eabi/lib/armv7-m\libc_nano.a(lib_a-nano-vfscanf_i.o)
                0x08004e14                _scanf_i
 .text.__sccl   0x08005000       0x5e c:/program files (x86)/atollic/truestudio for stm32 9.1.0/armtools/bin/../lib/gcc/arm-atollic-eabi/6.3.1/../../../../arm-atollic-eabi/lib/armv7-m\libc_nano.a(lib_a-sccl.o)
                0x08005000                __sccl
 .text._strtol_l.isra.0
                0x0800505e      0x100 c:/program files (x86)/atollic/truestudio for stm32 9.1.0/armtools/bin/../lib/gcc/arm-atollic-eabi/6.3.1/../../../../arm-atollic-eabi/lib/armv7-m\libc_nano.a(lib_a-strtol.o)
 *fill*         0x0800515e        0x2 
 .text._strtol_r
                0x08005160       0x24 c:/program files (x86)/atollic/truestudio for stm32 9.1.0/armtools/bin/../lib/gcc/arm-atollic-eabi/6.3.1/../../../../arm-atollic-eabi/lib/armv7-m\libc_nano.a(lib_a-strtol.o)
                0x08005160                _strtol_r
 .text._strtoul_l.isra.0
                0x08005184       0xfa c:/program files (x86)/atollic/truestudio for stm32 9.1.0/armtools/bin/../lib/gcc/arm-atollic-eabi/6.3.1/../../../../arm-atollic-eabi/lib/armv7-m\libc_nano.a(lib_a-strtoul.o)
 *fill*         0x0800527e        0x2 
 .text._strtoul_r
                0x08005280       0x24 c:/program files (x86)/atollic/truestudio for stm32 9.1.0/armtools/bin/../lib/gcc/arm-atollic-eabi/6.3.1/../../../../arm-atollic-eabi/lib/armv7-m\libc_nano.a(lib_a-strtoul.o)
                0x08005280                _strtoul_r
 .text.__submore
                0x080052a4       0x72 c:/program files (x86)/atollic/truestudio for stm32 9.1.0/armtools/bin/../lib/gcc/arm-atollic-eabi/6.3.1/../../../../arm-atollic-eabi/lib/armv7-m\libc_nano.a(lib_a-ungetc.o)
                0x080052a4                __submore
 .text.__locale_ctype_ptr_l
                0x08005316        0x6 c:/program files (x86)/atollic/truestudio for stm32 9.1.0/armtools/bin/../lib/gcc/arm-atollic-eabi/6.3.1/../../../../arm-atollic-eabi/lib/armv7-m\libc_nano.a(lib_a-locale.o)
                0x08005316                __locale_ctype_ptr_l
 .text.__locale_ctype_ptr
                0x0800531c       0x1c c:/program files (x86)/atollic/truestudio for stm32 9.1.0/armtools/bin/../lib/gcc/arm-atollic-eabi/6.3.1/../../../../arm-atollic-eabi/lib/armv7-m\libc_nano.a(lib_a-locale.o)
                0x0800531c                __locale_ctype_ptr
 .text.__ascii_mbtowc
                0x08005338       0x24 c:/program files (x86)/atollic/truestudio for stm32 9.1.0/armtools/bin/../lib/gcc/arm-atollic-eabi/6.3.1/../../../../arm-atollic-eabi/lib/armv7-m\libc_nano.a(lib_a-mbtowc_r.o)
                0x08005338                __ascii_mbtowc
 .text.memchr   0x0800535c       0x1c c:/program files (x86)/atollic/truestudio for stm32 9.1.0/armtools/bin/../lib/gcc/arm-atollic-eabi/6.3.1/../../../../arm-atollic-eabi/lib/armv7-m\libc_nano.a(lib_a-memchr-stub.o)
                0x0800535c                memchr
 .text.memmove  0x08005378       0x34 c:/program files (x86)/atollic/truestudio for stm32 9.1.0/armtools/bin/../lib/gcc/arm-atollic-eabi/6.3.1/../../../../arm-atollic-eabi/lib/armv7-m\libc_nano.a(lib_a-memmove.o)
                0x08005378                memmove
 .text._free_r  0x080053ac       0x98 c:/program files (x86)/atollic/truestudio for stm32 9.1.0/armtools/bin/../lib/gcc/arm-atollic-eabi/6.3.1/../../../../arm-atollic-eabi/lib/armv7-m\libc_nano.a(lib_a-nano-freer.o)
                0x080053ac                _free_r
 .text._malloc_r
                0x08005444       0xbc c:/program files (x86)/atollic/truestudio for stm32 9.1.0/armtools/bin/../lib/gcc/arm-atollic-eabi/6.3.1/../../../../arm-atollic-eabi/lib/armv7-m\libc_nano.a(lib_a-nano-mallocr.o)
                0x08005444                _malloc_r
 .text._realloc_r
                0x08005500       0x4c c:/program files (x86)/atollic/truestudio for stm32 9.1.0/armtools/bin/../lib/gcc/arm-atollic-eabi/6.3.1/../../../../arm-atollic-eabi/lib/armv7-m\libc_nano.a(lib_a-nano-reallocr.o)
                0x08005500                _realloc_r
 .text._sbrk_r  0x0800554c       0x20 c:/program files (x86)/atollic/truestudio for stm32 9.1.0/armtools/bin/../lib/gcc/arm-atollic-eabi/6.3.1/../../../../arm-atollic-eabi/lib/armv7-m\libc_nano.a(lib_a-sbrkr.o)
                0x0800554c                _sbrk_r
 .text.__ascii_wctomb
                0x0800556c       0x1a c:/program files (x86)/atollic/truestudio for stm32 9.1.0/armtools/bin/../lib/gcc/arm-atollic-eabi/6.3.1/../../../../arm-atollic-eabi/lib/armv7-m\libc_nano.a(lib_a-wctomb_r.o)
                0x0800556c                __ascii_wctomb
 .text.__malloc_lock
                0x08005586        0x2 c:/program files (x86)/atollic/truestudio for stm32 9.1.0/armtools/bin/../lib/gcc/arm-atollic-eabi/6.3.1/../../../../arm-atollic-eabi/lib/armv7-m\libc_nano.a(lib_a-mlock.o)
                0x08005586                __malloc_lock
 .text.__malloc_unlock
                0x08005588        0x2 c:/program files (x86)/atollic/truestudio for stm32 9.1.0/armtools/bin/../lib/gcc/arm-atollic-eabi/6.3.1/../../../../arm-atollic-eabi/lib/armv7-m\libc_nano.a(lib_a-mlock.o)
                0x08005588                __malloc_unlock
 .text._malloc_usable_size_r
                0x0800558a       0x12 c:/program files (x86)/atollic/truestudio for stm32 9.1.0/armtools/bin/../lib/gcc/arm-atollic-eabi/6.3.1/../../../../arm-atollic-eabi/lib/armv7-m\libc_nano.a(lib_a-nano-msizer.o)
                0x0800558a                _malloc_usable_size_r
 *(.glue_7)
 .glue_7        0x0800559c        0x0 linker stubs
 *(.glue_7t)
 .glue_7t       0x0800559c        0x0 linker stubs
 *(.eh_frame)
 .eh_frame      0x0800559c        0x0 c:/program files (x86)/atollic/truestudio for stm32 9.1.0/armtools/bin/../lib/gcc/arm-atollic-eabi/6.3.1/armv7-m/crtbegin.o
 *(.init)
 .init          0x0800559c        0x4 c:/program files (x86)/atollic/truestudio for stm32 9.1.0/armtools/bin/../lib/gcc/arm-atollic-eabi/6.3.1/armv7-m/crti.o
                0x0800559c                _init
 .init          0x080055a0        0x8 c:/program files (x86)/atollic/truestudio for stm32 9.1.0/armtools/bin/../lib/gcc/arm-atollic-eabi/6.3.1/armv7-m/crtn.o
 *(.fini)
 .fini          0x080055a8        0x4 c:/program files (x86)/atollic/truestudio for stm32 9.1.0/armtools/bin/../lib/gcc/arm-atollic-eabi/6.3.1/armv7-m/crti.o
                0x080055a8                _fini
 .fini          0x080055ac        0x8 c:/program files (x86)/atollic/truestudio for stm32 9.1.0/armtools/bin/../lib/gcc/arm-atollic-eabi/6.3.1/armv7-m/crtn.o
                0x080055b4                . = ALIGN (0x4)
                0x080055b4                _etext = .

.vfp11_veneer   0x080055b4        0x0
 .vfp11_veneer  0x080055b4        0x0 linker stubs

.v4_bx          0x080055b4        0x0
 .v4_bx         0x080055b4        0x0 linker stubs

.iplt           0x080055b4        0x0
 .iplt          0x080055b4        0x0 c:/program files (x86)/atollic/truestudio for stm32 9.1.0/armtools/bin/../lib/gcc/arm-atollic-eabi/6.3.1/armv7-m/crtbegin.o

.rodata         0x080055b4      0x2ec
                0x080055b4                . = ALIGN (0x4)
 *(.rodata)
 .rodata        0x080055b4       0x1e Drivers\STM32F1xx_HAL_Driver\Src\stm32f1xx_hal_rcc.o
 *fill*         0x080055d2        0x2 
 .rodata        0x080055d4       0x28 Src\storeADCData.o
 .rodata        0x080055fc        0xc c:/program files (x86)/atollic/truestudio for stm32 9.1.0/armtools/bin/../lib/gcc/arm-atollic-eabi/6.3.1/../../../../arm-atollic-eabi/lib/armv7-m\libc_nano.a(lib_a-nano-vfscanf_i.o)
 *(.rodata*)
 .rodata.vTaskStartScheduler.str1.1
                0x08005608        0x5 Middlewares\Third_Party\FreeRTOS\Source\tasks.o
 .rodata.xScanButtonsTask.str1.1
                0x0800560d        0x9 Src\ScanBtn.o
 .rodata.controller_initialize.str1.1
                0x08005616       0x22 Src\controllerInit.o
 .rodata.xProcessCommandTask.str1.1
                0x08005638       0x94 Src\processCommand.o
 .rodata.AHBPrescTable
                0x080056cc       0x10 Src\system_stm32f1xx.o
                0x080056cc                AHBPrescTable
 .rodata.APBPrescTable
                0x080056dc        0x8 Src\system_stm32f1xx.o
                0x080056dc                APBPrescTable
 .rodata._svfprintf_r.str1.1
                0x080056e4       0x11 c:/program files (x86)/atollic/truestudio for stm32 9.1.0/armtools/bin/../lib/gcc/arm-atollic-eabi/6.3.1/../../../../arm-atollic-eabi/lib/armv7-m\libc_nano.a(lib_a-nano-svfprintf.o)
 .rodata.__ssvfscanf_r.str1.1
                0x080056f5        0x4 c:/program files (x86)/atollic/truestudio for stm32 9.1.0/armtools/bin/../lib/gcc/arm-atollic-eabi/6.3.1/../../../../arm-atollic-eabi/lib/armv7-m\libc_nano.a(lib_a-nano-svfscanf.o)
 .rodata._printf_i.str1.1
                0x080056f5       0x22 c:/program files (x86)/atollic/truestudio for stm32 9.1.0/armtools/bin/../lib/gcc/arm-atollic-eabi/6.3.1/../../../../arm-atollic-eabi/lib/armv7-m\libc_nano.a(lib_a-nano-vfprintf_i.o)
 .rodata._scanf_i.str1.1
                0x08005717       0x12 c:/program files (x86)/atollic/truestudio for stm32 9.1.0/armtools/bin/../lib/gcc/arm-atollic-eabi/6.3.1/../../../../arm-atollic-eabi/lib/armv7-m\libc_nano.a(lib_a-nano-vfscanf_i.o)
 .rodata.str1.1
                0x08005729        0x9 c:/program files (x86)/atollic/truestudio for stm32 9.1.0/armtools/bin/../lib/gcc/arm-atollic-eabi/6.3.1/../../../../arm-atollic-eabi/lib/armv7-m\libc_nano.a(lib_a-nano-vfscanf_i.o)
 *fill*         0x08005732        0x2 
 .rodata.__sf_fake_stderr
                0x08005734       0x20 c:/program files (x86)/atollic/truestudio for stm32 9.1.0/armtools/bin/../lib/gcc/arm-atollic-eabi/6.3.1/../../../../arm-atollic-eabi/lib/armv7-m\libc_nano.a(lib_a-findfp.o)
                0x08005734                __sf_fake_stderr
 .rodata.__sf_fake_stdin
                0x08005754       0x20 c:/program files (x86)/atollic/truestudio for stm32 9.1.0/armtools/bin/../lib/gcc/arm-atollic-eabi/6.3.1/../../../../arm-atollic-eabi/lib/armv7-m\libc_nano.a(lib_a-findfp.o)
                0x08005754                __sf_fake_stdin
 .rodata.__sf_fake_stdout
                0x08005774       0x20 c:/program files (x86)/atollic/truestudio for stm32 9.1.0/armtools/bin/../lib/gcc/arm-atollic-eabi/6.3.1/../../../../arm-atollic-eabi/lib/armv7-m\libc_nano.a(lib_a-findfp.o)
                0x08005774                __sf_fake_stdout
 .rodata._setlocale_r.str1.1
                0x08005794        0x8 c:/program files (x86)/atollic/truestudio for stm32 9.1.0/armtools/bin/../lib/gcc/arm-atollic-eabi/6.3.1/../../../../arm-atollic-eabi/lib/armv7-m\libc_nano.a(lib_a-locale.o)
                                  0x9 (size before relaxing)
 .rodata.str1.1
                0x0800579c        0x2 c:/program files (x86)/atollic/truestudio for stm32 9.1.0/armtools/bin/../lib/gcc/arm-atollic-eabi/6.3.1/../../../../arm-atollic-eabi/lib/armv7-m\libc_nano.a(lib_a-locale.o)
 .rodata._ctype_
                0x0800579e      0x101 c:/program files (x86)/atollic/truestudio for stm32 9.1.0/armtools/bin/../lib/gcc/arm-atollic-eabi/6.3.1/../../../../arm-atollic-eabi/lib/armv7-m\libc_nano.a(lib_a-ctype_.o)
                0x0800579e                _ctype_
                0x080058a0                . = ALIGN (0x4)
 *fill*         0x0800589f        0x1 

.ARM.extab
 *(.ARM.extab* .gnu.linkonce.armextab.*)

.ARM            0x080058a0        0x8
                0x080058a0                __exidx_start = .
 *(.ARM.exidx*)
 .ARM.exidx     0x080058a0        0x8 c:/program files (x86)/atollic/truestudio for stm32 9.1.0/armtools/bin/../lib/gcc/arm-atollic-eabi/6.3.1/armv7-m\libgcc.a(_udivmoddi4.o)
                0x080058a8                __exidx_end = .

.rel.dyn        0x080058a8        0x0
 .rel.iplt      0x080058a8        0x0 c:/program files (x86)/atollic/truestudio for stm32 9.1.0/armtools/bin/../lib/gcc/arm-atollic-eabi/6.3.1/armv7-m/crtbegin.o

.preinit_array  0x080058a8        0x0
                [!provide]                PROVIDE (__preinit_array_start, .)
 *(.preinit_array*)
                [!provide]                PROVIDE (__preinit_array_end, .)

.init_array     0x080058a8        0x4
                [!provide]                PROVIDE (__init_array_start, .)
 *(SORT(.init_array.*))
 *(.init_array*)
 .init_array    0x080058a8        0x4 c:/program files (x86)/atollic/truestudio for stm32 9.1.0/armtools/bin/../lib/gcc/arm-atollic-eabi/6.3.1/armv7-m/crtbegin.o
                [!provide]                PROVIDE (__init_array_end, .)

.fini_array     0x080058ac        0x4
                [!provide]                PROVIDE (__fini_array_start, .)
 *(SORT(.fini_array.*))
 *(.fini_array*)
 .fini_array    0x080058ac        0x4 c:/program files (x86)/atollic/truestudio for stm32 9.1.0/armtools/bin/../lib/gcc/arm-atollic-eabi/6.3.1/armv7-m/crtbegin.o
                [!provide]                PROVIDE (__fini_array_end, .)
                0x080058b0                _sidata = LOADADDR (.data)

.data           0x20000000      0x1e0 load address 0x080058b0
                0x20000000                . = ALIGN (0x4)
                0x20000000                _sdata = .
 *(.data)
 *(.data*)
 .data.uwTickFreq
                0x20000000        0x1 Drivers\STM32F1xx_HAL_Driver\Src\stm32f1xx_hal.o
                0x20000000                uwTickFreq
 *fill*         0x20000001        0x3 
 .data.uwTickPrio
                0x20000004        0x4 Drivers\STM32F1xx_HAL_Driver\Src\stm32f1xx_hal.o
                0x20000004                uwTickPrio
 .data.uxCriticalNesting
                0x20000008        0x4 Middlewares\Third_Party\FreeRTOS\Source\portable\GCC\ARM_CM3\port.o
 .data.SystemCoreClock
                0x2000000c        0x4 Src\system_stm32f1xx.o
                0x2000000c                SystemCoreClock
 .data._impure_ptr
                0x20000010        0x4 c:/program files (x86)/atollic/truestudio for stm32 9.1.0/armtools/bin/../lib/gcc/arm-atollic-eabi/6.3.1/../../../../arm-atollic-eabi/lib/armv7-m\libc_nano.a(lib_a-impure.o)
                0x20000010                _impure_ptr
 .data.impure_data
                0x20000014       0x60 c:/program files (x86)/atollic/truestudio for stm32 9.1.0/armtools/bin/../lib/gcc/arm-atollic-eabi/6.3.1/../../../../arm-atollic-eabi/lib/armv7-m\libc_nano.a(lib_a-impure.o)
 .data.__global_locale
                0x20000074      0x16c c:/program files (x86)/atollic/truestudio for stm32 9.1.0/armtools/bin/../lib/gcc/arm-atollic-eabi/6.3.1/../../../../arm-atollic-eabi/lib/armv7-m\libc_nano.a(lib_a-locale.o)
                0x20000074                __global_locale
                0x200001e0                . = ALIGN (0x4)
                0x200001e0                _edata = .

.igot.plt       0x200001e0        0x0 load address 0x08005a90
 .igot.plt      0x200001e0        0x0 c:/program files (x86)/atollic/truestudio for stm32 9.1.0/armtools/bin/../lib/gcc/arm-atollic-eabi/6.3.1/armv7-m/crtbegin.o
                0x200001e0                . = ALIGN (0x4)

.bss            0x200001e0     0x51e4 load address 0x08005a90
                0x200001e0                _sbss = .
                0x200001e0                __bss_start__ = _sbss
 *(.bss)
 .bss           0x200001e0       0x1c c:/program files (x86)/atollic/truestudio for stm32 9.1.0/armtools/bin/../lib/gcc/arm-atollic-eabi/6.3.1/armv7-m/crtbegin.o
 *(.bss*)
 .bss.ucMaxSysCallPriority
                0x200001fc        0x1 Middlewares\Third_Party\FreeRTOS\Source\portable\GCC\ARM_CM3\port.o
 *fill*         0x200001fd        0x3 
 .bss.ulMaxPRIGROUPValue
                0x20000200        0x4 Middlewares\Third_Party\FreeRTOS\Source\portable\GCC\ARM_CM3\port.o
 .bss.pxEnd     0x20000204        0x4 Middlewares\Third_Party\FreeRTOS\Source\portable\MemMang\heap_4.o
 .bss.ucHeap    0x20000208     0x4e20 Middlewares\Third_Party\FreeRTOS\Source\portable\MemMang\heap_4.o
 .bss.xBlockAllocatedBit
                0x20005028        0x4 Middlewares\Third_Party\FreeRTOS\Source\portable\MemMang\heap_4.o
 .bss.xFreeBytesRemaining
                0x2000502c        0x4 Middlewares\Third_Party\FreeRTOS\Source\portable\MemMang\heap_4.o
 .bss.xMinimumEverFreeBytesRemaining
                0x20005030        0x4 Middlewares\Third_Party\FreeRTOS\Source\portable\MemMang\heap_4.o
 .bss.xStart    0x20005034        0x8 Middlewares\Third_Party\FreeRTOS\Source\portable\MemMang\heap_4.o
 .bss.pxCurrentTCB
                0x2000503c        0x4 Middlewares\Third_Party\FreeRTOS\Source\tasks.o
                0x2000503c                pxCurrentTCB
 .bss.pxDelayedTaskList
                0x20005040        0x4 Middlewares\Third_Party\FreeRTOS\Source\tasks.o
 .bss.pxOverflowDelayedTaskList
                0x20005044        0x4 Middlewares\Third_Party\FreeRTOS\Source\tasks.o
 .bss.pxReadyTasksLists
                0x20005048       0x8c Middlewares\Third_Party\FreeRTOS\Source\tasks.o
 .bss.uxCurrentNumberOfTasks
                0x200050d4        0x4 Middlewares\Third_Party\FreeRTOS\Source\tasks.o
 .bss.uxDeletedTasksWaitingCleanUp
                0x200050d8        0x4 Middlewares\Third_Party\FreeRTOS\Source\tasks.o
 .bss.uxPendedTicks
                0x200050dc        0x4 Middlewares\Third_Party\FreeRTOS\Source\tasks.o
 .bss.uxSchedulerSuspended
                0x200050e0        0x4 Middlewares\Third_Party\FreeRTOS\Source\tasks.o
 .bss.uxTaskNumber
                0x200050e4        0x4 Middlewares\Third_Party\FreeRTOS\Source\tasks.o
 .bss.uxTopReadyPriority
                0x200050e8        0x4 Middlewares\Third_Party\FreeRTOS\Source\tasks.o
 .bss.xDelayedTaskList1
                0x200050ec       0x14 Middlewares\Third_Party\FreeRTOS\Source\tasks.o
 .bss.xDelayedTaskList2
                0x20005100       0x14 Middlewares\Third_Party\FreeRTOS\Source\tasks.o
 .bss.xIdleTaskHandle
                0x20005114        0x4 Middlewares\Third_Party\FreeRTOS\Source\tasks.o
 .bss.xNextTaskUnblockTime
                0x20005118        0x4 Middlewares\Third_Party\FreeRTOS\Source\tasks.o
 .bss.xNumOfOverflows
                0x2000511c        0x4 Middlewares\Third_Party\FreeRTOS\Source\tasks.o
 .bss.xPendingReadyList
                0x20005120       0x14 Middlewares\Third_Party\FreeRTOS\Source\tasks.o
 .bss.xSchedulerRunning
                0x20005134        0x4 Middlewares\Third_Party\FreeRTOS\Source\tasks.o
 .bss.xSuspendedTaskList
                0x20005138       0x14 Middlewares\Third_Party\FreeRTOS\Source\tasks.o
 .bss.xTasksWaitingTermination
                0x2000514c       0x14 Middlewares\Third_Party\FreeRTOS\Source\tasks.o
 .bss.xTickCount
                0x20005160        0x4 Middlewares\Third_Party\FreeRTOS\Source\tasks.o
 .bss.xYieldPending
                0x20005164        0x4 Middlewares\Third_Party\FreeRTOS\Source\tasks.o
 .bss.unique_ID
                0x20005168        0xc Src\controllerInit.o
                0x20005168                unique_ID
 .bss.controllerSettings
                0x20005174       0x24 Src\main.o
                0x20005174                controllerSettings
 .bss.filteredData
                0x20005198        0x8 Src\main.o
                0x20005198                filteredData
 .bss.message   0x200051a0       0x80 Src\main.o
                0x200051a0                message
 .bss.nessPressure
                0x20005220        0x8 Src\main.o
                0x20005220                nessPressure
 .bss.pressureCompensation
                0x20005228        0x1 Src\main.o
                0x20005228                pressureCompensation
 *fill*         0x20005229        0x1 
 .bss.server_UID
                0x2000522a        0x2 Src\main.o
                0x2000522a                server_UID
 .bss.workState
                0x2000522c        0x1 Src\main.o
                0x2000522c                workState
 .bss.pressIsLower
                0x2000522d        0x4 Src\processCommand.o
                0x2000522d                pressIsLower
 .bss.lastTimeCommand
                0x20005231        0x1 Src\storeADCData.o
                0x20005231                lastTimeCommand
 .bss.prevCompensation
                0x20005232        0x1 Src\storeADCData.o
                0x20005232                prevCompensation
 *fill*         0x20005233        0x1 
 .bss.heap_end.5887
                0x20005234        0x4 Src\syscalls.o
 .bss.__malloc_free_list
                0x20005238        0x4 c:/program files (x86)/atollic/truestudio for stm32 9.1.0/armtools/bin/../lib/gcc/arm-atollic-eabi/6.3.1/../../../../arm-atollic-eabi/lib/armv7-m\libc_nano.a(lib_a-nano-mallocr.o)
                0x20005238                __malloc_free_list
 .bss.__malloc_sbrk_start
                0x2000523c        0x4 c:/program files (x86)/atollic/truestudio for stm32 9.1.0/armtools/bin/../lib/gcc/arm-atollic-eabi/6.3.1/../../../../arm-atollic-eabi/lib/armv7-m\libc_nano.a(lib_a-nano-mallocr.o)
                0x2000523c                __malloc_sbrk_start
 *(COMMON)
 COMMON         0x20005240        0x4 Drivers\STM32F1xx_HAL_Driver\Src\stm32f1xx_hal.o
                0x20005240                uwTick
 *fill*         0x20005244        0x4 
 COMMON         0x20005248       0x20 Drivers\STM32F1xx_HAL_Driver\Src\stm32f1xx_hal_flash.o
                0x20005248                pFlash
 COMMON         0x20005268      0x155 Src\main.o
                0x20005268                recCommandBuffer
                0x200052a8                commandToProcessBuffer
                0x200052e8                defaultTaskHandle
                0x200052ec                ADCRawData
                0x200052f4                xPressureCompensationSemaphore
                0x200052f8                hdma_usart1_tx
                0x2000533c                hadc1
                0x2000536c                huart1
                0x200053ac                p_commandToProcessBuffer
                0x200053ae                sensorValue
                0x200053b6                p_recCommandBuffer
                0x200053b8                xRecCommandQueue
                0x200053bc                recCommandByte
 *fill*         0x200053bd        0x3 
 COMMON         0x200053c0        0x4 c:/program files (x86)/atollic/truestudio for stm32 9.1.0/armtools/bin/../lib/gcc/arm-atollic-eabi/6.3.1/../../../../arm-atollic-eabi/lib/armv7-m\libc_nano.a(lib_a-reent.o)
                0x200053c0                errno
                0x200053c4                . = ALIGN (0x4)
                0x200053c4                _ebss = .
                0x200053c4                __bss_end__ = _ebss

._user_heap_stack
                0x200053c4      0x600 load address 0x08005a90
                0x200053c4                . = ALIGN (0x4)
                0x200053c4                PROVIDE (end, .)
                [!provide]                PROVIDE (_end, .)
                0x200055c4                . = (. + _Min_Heap_Size)
 *fill*         0x200053c4      0x200 
                0x200059c4                . = (. + _Min_Stack_Size)
 *fill*         0x200055c4      0x400 
                0x200059c4                . = ALIGN (0x4)

/DISCARD/
 libc.a(*)
 libm.a(*)
 libgcc.a(*)

.ARM.attributes
                0x00000000       0x29
 *(.ARM.attributes)
 .ARM.attributes
                0x00000000       0x1d c:/program files (x86)/atollic/truestudio for stm32 9.1.0/armtools/bin/../lib/gcc/arm-atollic-eabi/6.3.1/armv7-m/crti.o
 .ARM.attributes
                0x0000001d       0x2d c:/program files (x86)/atollic/truestudio for stm32 9.1.0/armtools/bin/../lib/gcc/arm-atollic-eabi/6.3.1/armv7-m/crtbegin.o
 .ARM.attributes
                0x0000004a       0x33 Drivers\STM32F1xx_HAL_Driver\Src\stm32f1xx_hal.o
 .ARM.attributes
                0x0000007d       0x33 Drivers\STM32F1xx_HAL_Driver\Src\stm32f1xx_hal_adc.o
 .ARM.attributes
                0x000000b0       0x33 Drivers\STM32F1xx_HAL_Driver\Src\stm32f1xx_hal_adc_ex.o
 .ARM.attributes
                0x000000e3       0x33 Drivers\STM32F1xx_HAL_Driver\Src\stm32f1xx_hal_cortex.o
 .ARM.attributes
                0x00000116       0x33 Drivers\STM32F1xx_HAL_Driver\Src\stm32f1xx_hal_dma.o
 .ARM.attributes
                0x00000149       0x33 Drivers\STM32F1xx_HAL_Driver\Src\stm32f1xx_hal_flash.o
 .ARM.attributes
                0x0000017c       0x33 Drivers\STM32F1xx_HAL_Driver\Src\stm32f1xx_hal_flash_ex.o
 .ARM.attributes
                0x000001af       0x33 Drivers\STM32F1xx_HAL_Driver\Src\stm32f1xx_hal_gpio.o
 .ARM.attributes
                0x000001e2       0x33 Drivers\STM32F1xx_HAL_Driver\Src\stm32f1xx_hal_rcc.o
 .ARM.attributes
                0x00000215       0x33 Drivers\STM32F1xx_HAL_Driver\Src\stm32f1xx_hal_rcc_ex.o
 .ARM.attributes
                0x00000248       0x33 Drivers\STM32F1xx_HAL_Driver\Src\stm32f1xx_hal_uart.o
 .ARM.attributes
                0x0000027b       0x33 Middlewares\Third_Party\FreeRTOS\Source\CMSIS_RTOS\cmsis_os.o
 .ARM.attributes
                0x000002ae       0x33 Middlewares\Third_Party\FreeRTOS\Source\list.o
 .ARM.attributes
                0x000002e1       0x33 Middlewares\Third_Party\FreeRTOS\Source\portable\GCC\ARM_CM3\port.o
 .ARM.attributes
                0x00000314       0x33 Middlewares\Third_Party\FreeRTOS\Source\portable\MemMang\heap_4.o
 .ARM.attributes
                0x00000347       0x33 Middlewares\Third_Party\FreeRTOS\Source\queue.o
 .ARM.attributes
                0x0000037a       0x33 Middlewares\Third_Party\FreeRTOS\Source\tasks.o
 .ARM.attributes
                0x000003ad       0x33 Src\ScanBtn.o
 .ARM.attributes
                0x000003e0       0x33 Src\analyze.o
 .ARM.attributes
                0x00000413       0x33 Src\controllerInit.o
 .ARM.attributes
                0x00000446       0x33 Src\flashFunctions.o
 .ARM.attributes
                0x00000479       0x33 Src\main.o
 .ARM.attributes
                0x000004ac       0x33 Src\processCommand.o
 .ARM.attributes
                0x000004df       0x33 Src\stm32f1xx_hal_msp.o
 .ARM.attributes
                0x00000512       0x33 Src\stm32f1xx_it.o
 .ARM.attributes
                0x00000545       0x33 Src\storeADCData.o
 .ARM.attributes
                0x00000578       0x33 Src\syscalls.o
 .ARM.attributes
                0x000005ab       0x33 Src\system_stm32f1xx.o
 .ARM.attributes
                0x000005de       0x21 startup\startup_stm32f105xc.o
 .ARM.attributes
                0x000005ff       0x2d c:/program files (x86)/atollic/truestudio for stm32 9.1.0/armtools/bin/../lib/gcc/arm-atollic-eabi/6.3.1/../../../../arm-atollic-eabi/lib/armv7-m\libc_nano.a(lib_a-errno.o)
 .ARM.attributes
                0x0000062c       0x2d c:/program files (x86)/atollic/truestudio for stm32 9.1.0/armtools/bin/../lib/gcc/arm-atollic-eabi/6.3.1/../../../../arm-atollic-eabi/lib/armv7-m\libc_nano.a(lib_a-impure.o)
 .ARM.attributes
                0x00000659       0x2d c:/program files (x86)/atollic/truestudio for stm32 9.1.0/armtools/bin/../lib/gcc/arm-atollic-eabi/6.3.1/../../../../arm-atollic-eabi/lib/armv7-m\libc_nano.a(lib_a-memcpy-stub.o)
 .ARM.attributes
                0x00000686       0x2d c:/program files (x86)/atollic/truestudio for stm32 9.1.0/armtools/bin/../lib/gcc/arm-atollic-eabi/6.3.1/../../../../arm-atollic-eabi/lib/armv7-m\libc_nano.a(lib_a-memset.o)
 .ARM.attributes
                0x000006b3       0x2d c:/program files (x86)/atollic/truestudio for stm32 9.1.0/armtools/bin/../lib/gcc/arm-atollic-eabi/6.3.1/../../../../arm-atollic-eabi/lib/armv7-m\libc_nano.a(lib_a-sprintf.o)
 .ARM.attributes
                0x000006e0       0x2d c:/program files (x86)/atollic/truestudio for stm32 9.1.0/armtools/bin/../lib/gcc/arm-atollic-eabi/6.3.1/../../../../arm-atollic-eabi/lib/armv7-m\libc_nano.a(lib_a-sscanf.o)
 .ARM.attributes
                0x0000070d       0x2d c:/program files (x86)/atollic/truestudio for stm32 9.1.0/armtools/bin/../lib/gcc/arm-atollic-eabi/6.3.1/../../../../arm-atollic-eabi/lib/armv7-m\libc_nano.a(lib_a-stdio.o)
 .ARM.attributes
                0x0000073a       0x17 c:/program files (x86)/atollic/truestudio for stm32 9.1.0/armtools/bin/../lib/gcc/arm-atollic-eabi/6.3.1/../../../../arm-atollic-eabi/lib/armv7-m\libc_nano.a(lib_a-strlen.o)
 .ARM.attributes
                0x00000751       0x2d c:/program files (x86)/atollic/truestudio for stm32 9.1.0/armtools/bin/../lib/gcc/arm-atollic-eabi/6.3.1/../../../../arm-atollic-eabi/lib/armv7-m\libc_nano.a(lib_a-nano-svfprintf.o)
 .ARM.attributes
                0x0000077e       0x2d c:/program files (x86)/atollic/truestudio for stm32 9.1.0/armtools/bin/../lib/gcc/arm-atollic-eabi/6.3.1/../../../../arm-atollic-eabi/lib/armv7-m\libc_nano.a(lib_a-nano-svfscanf.o)
 .ARM.attributes
                0x000007ab       0x2d c:/program files (x86)/atollic/truestudio for stm32 9.1.0/armtools/bin/../lib/gcc/arm-atollic-eabi/6.3.1/../../../../arm-atollic-eabi/lib/armv7-m\libc_nano.a(lib_a-nano-vfprintf_i.o)
 .ARM.attributes
                0x000007d8       0x2d c:/program files (x86)/atollic/truestudio for stm32 9.1.0/armtools/bin/../lib/gcc/arm-atollic-eabi/6.3.1/../../../../arm-atollic-eabi/lib/armv7-m\libc_nano.a(lib_a-nano-vfscanf_i.o)
 .ARM.attributes
                0x00000805       0x2d c:/program files (x86)/atollic/truestudio for stm32 9.1.0/armtools/bin/../lib/gcc/arm-atollic-eabi/6.3.1/../../../../arm-atollic-eabi/lib/armv7-m\libc_nano.a(lib_a-reent.o)
 .ARM.attributes
                0x00000832       0x2d c:/program files (x86)/atollic/truestudio for stm32 9.1.0/armtools/bin/../lib/gcc/arm-atollic-eabi/6.3.1/../../../../arm-atollic-eabi/lib/armv7-m\libc_nano.a(lib_a-sccl.o)
 .ARM.attributes
                0x0000085f       0x2d c:/program files (x86)/atollic/truestudio for stm32 9.1.0/armtools/bin/../lib/gcc/arm-atollic-eabi/6.3.1/../../../../arm-atollic-eabi/lib/armv7-m\libc_nano.a(lib_a-strtol.o)
 .ARM.attributes
                0x0000088c       0x2d c:/program files (x86)/atollic/truestudio for stm32 9.1.0/armtools/bin/../lib/gcc/arm-atollic-eabi/6.3.1/../../../../arm-atollic-eabi/lib/armv7-m\libc_nano.a(lib_a-strtoul.o)
 .ARM.attributes
                0x000008b9       0x2d c:/program files (x86)/atollic/truestudio for stm32 9.1.0/armtools/bin/../lib/gcc/arm-atollic-eabi/6.3.1/../../../../arm-atollic-eabi/lib/armv7-m\libc_nano.a(lib_a-ungetc.o)
 .ARM.attributes
                0x000008e6       0x2d c:/program files (x86)/atollic/truestudio for stm32 9.1.0/armtools/bin/../lib/gcc/arm-atollic-eabi/6.3.1/../../../../arm-atollic-eabi/lib/armv7-m\libc_nano.a(lib_a-findfp.o)
 .ARM.attributes
                0x00000913       0x2d c:/program files (x86)/atollic/truestudio for stm32 9.1.0/armtools/bin/../lib/gcc/arm-atollic-eabi/6.3.1/../../../../arm-atollic-eabi/lib/armv7-m\libc_nano.a(lib_a-locale.o)
 .ARM.attributes
                0x00000940       0x2d c:/program files (x86)/atollic/truestudio for stm32 9.1.0/armtools/bin/../lib/gcc/arm-atollic-eabi/6.3.1/../../../../arm-atollic-eabi/lib/armv7-m\libc_nano.a(lib_a-mbtowc_r.o)
 .ARM.attributes
                0x0000096d       0x2d c:/program files (x86)/atollic/truestudio for stm32 9.1.0/armtools/bin/../lib/gcc/arm-atollic-eabi/6.3.1/../../../../arm-atollic-eabi/lib/armv7-m\libc_nano.a(lib_a-memchr-stub.o)
 .ARM.attributes
                0x0000099a       0x2d c:/program files (x86)/atollic/truestudio for stm32 9.1.0/armtools/bin/../lib/gcc/arm-atollic-eabi/6.3.1/../../../../arm-atollic-eabi/lib/armv7-m\libc_nano.a(lib_a-memmove.o)
 .ARM.attributes
                0x000009c7       0x2d c:/program files (x86)/atollic/truestudio for stm32 9.1.0/armtools/bin/../lib/gcc/arm-atollic-eabi/6.3.1/../../../../arm-atollic-eabi/lib/armv7-m\libc_nano.a(lib_a-nano-freer.o)
 .ARM.attributes
                0x000009f4       0x2d c:/program files (x86)/atollic/truestudio for stm32 9.1.0/armtools/bin/../lib/gcc/arm-atollic-eabi/6.3.1/../../../../arm-atollic-eabi/lib/armv7-m\libc_nano.a(lib_a-nano-mallocr.o)
 .ARM.attributes
                0x00000a21       0x2d c:/program files (x86)/atollic/truestudio for stm32 9.1.0/armtools/bin/../lib/gcc/arm-atollic-eabi/6.3.1/../../../../arm-atollic-eabi/lib/armv7-m\libc_nano.a(lib_a-nano-reallocr.o)
 .ARM.attributes
                0x00000a4e       0x2d c:/program files (x86)/atollic/truestudio for stm32 9.1.0/armtools/bin/../lib/gcc/arm-atollic-eabi/6.3.1/../../../../arm-atollic-eabi/lib/armv7-m\libc_nano.a(lib_a-sbrkr.o)
 .ARM.attributes
                0x00000a7b       0x2d c:/program files (x86)/atollic/truestudio for stm32 9.1.0/armtools/bin/../lib/gcc/arm-atollic-eabi/6.3.1/../../../../arm-atollic-eabi/lib/armv7-m\libc_nano.a(lib_a-wctomb_r.o)
 .ARM.attributes
                0x00000aa8       0x2d c:/program files (x86)/atollic/truestudio for stm32 9.1.0/armtools/bin/../lib/gcc/arm-atollic-eabi/6.3.1/../../../../arm-atollic-eabi/lib/armv7-m\libc_nano.a(lib_a-ctype_.o)
 .ARM.attributes
                0x00000ad5       0x2d c:/program files (x86)/atollic/truestudio for stm32 9.1.0/armtools/bin/../lib/gcc/arm-atollic-eabi/6.3.1/../../../../arm-atollic-eabi/lib/armv7-m\libc_nano.a(lib_a-mlock.o)
 .ARM.attributes
                0x00000b02       0x2d c:/program files (x86)/atollic/truestudio for stm32 9.1.0/armtools/bin/../lib/gcc/arm-atollic-eabi/6.3.1/../../../../arm-atollic-eabi/lib/armv7-m\libc_nano.a(lib_a-nano-msizer.o)
 .ARM.attributes
                0x00000b2f       0x1d c:/program files (x86)/atollic/truestudio for stm32 9.1.0/armtools/bin/../lib/gcc/arm-atollic-eabi/6.3.1/armv7-m\libgcc.a(_lshrdi3.o)
 .ARM.attributes
                0x00000b4c       0x1d c:/program files (x86)/atollic/truestudio for stm32 9.1.0/armtools/bin/../lib/gcc/arm-atollic-eabi/6.3.1/armv7-m\libgcc.a(_aeabi_uldivmod.o)
 .ARM.attributes
                0x00000b69       0x2d c:/program files (x86)/atollic/truestudio for stm32 9.1.0/armtools/bin/../lib/gcc/arm-atollic-eabi/6.3.1/armv7-m\libgcc.a(_udivmoddi4.o)
 .ARM.attributes
                0x00000b96       0x1d c:/program files (x86)/atollic/truestudio for stm32 9.1.0/armtools/bin/../lib/gcc/arm-atollic-eabi/6.3.1/armv7-m\libgcc.a(_dvmd_tls.o)
 .ARM.attributes
                0x00000bb3       0x1d c:/program files (x86)/atollic/truestudio for stm32 9.1.0/armtools/bin/../lib/gcc/arm-atollic-eabi/6.3.1/armv7-m/crtn.o
OUTPUT(pressure_regulator.elf elf32-littlearm)

.debug_info     0x00000000    0x22b70
 .debug_info    0x00000000     0x1042 Drivers\STM32F1xx_HAL_Driver\Src\stm32f1xx_hal.o
 .debug_info    0x00001042     0x16a1 Drivers\STM32F1xx_HAL_Driver\Src\stm32f1xx_hal_adc.o
 .debug_info    0x000026e3     0x138b Drivers\STM32F1xx_HAL_Driver\Src\stm32f1xx_hal_adc_ex.o
 .debug_info    0x00003a6e     0x1509 Drivers\STM32F1xx_HAL_Driver\Src\stm32f1xx_hal_cortex.o
 .debug_info    0x00004f77     0x1047 Drivers\STM32F1xx_HAL_Driver\Src\stm32f1xx_hal_dma.o
 .debug_info    0x00005fbe      0xeeb Drivers\STM32F1xx_HAL_Driver\Src\stm32f1xx_hal_flash.o
 .debug_info    0x00006ea9     0x13ac Drivers\STM32F1xx_HAL_Driver\Src\stm32f1xx_hal_flash_ex.o
 .debug_info    0x00008255      0xedc Drivers\STM32F1xx_HAL_Driver\Src\stm32f1xx_hal_gpio.o
 .debug_info    0x00009131     0x1342 Drivers\STM32F1xx_HAL_Driver\Src\stm32f1xx_hal_rcc.o
 .debug_info    0x0000a473      0xef4 Drivers\STM32F1xx_HAL_Driver\Src\stm32f1xx_hal_rcc_ex.o
 .debug_info    0x0000b367     0x1e46 Drivers\STM32F1xx_HAL_Driver\Src\stm32f1xx_hal_uart.o
 .debug_info    0x0000d1ad     0x2500 Middlewares\Third_Party\FreeRTOS\Source\CMSIS_RTOS\cmsis_os.o
 .debug_info    0x0000f6ad      0xac0 Middlewares\Third_Party\FreeRTOS\Source\list.o
 .debug_info    0x0001016d      0x4ca Middlewares\Third_Party\FreeRTOS\Source\portable\GCC\ARM_CM3\port.o
 .debug_info    0x00010637      0xca5 Middlewares\Third_Party\FreeRTOS\Source\portable\MemMang\heap_4.o
 .debug_info    0x000112dc     0x1fdf Middlewares\Third_Party\FreeRTOS\Source\queue.o
 .debug_info    0x000132bb     0x2993 Middlewares\Third_Party\FreeRTOS\Source\tasks.o
 .debug_info    0x00015c4e      0xf92 Src\ScanBtn.o
 .debug_info    0x00016be0     0x122f Src\analyze.o
 .debug_info    0x00017e0f     0x13dd Src\controllerInit.o
 .debug_info    0x000191ec      0xfab Src\flashFunctions.o
 .debug_info    0x0001a197     0x1ec7 Src\main.o
 .debug_info    0x0001c05e     0x1410 Src\processCommand.o
 .debug_info    0x0001d46e     0x166b Src\stm32f1xx_hal_msp.o
 .debug_info    0x0001ead9     0x1098 Src\stm32f1xx_it.o
 .debug_info    0x0001fb71     0x1305 Src\storeADCData.o
 .debug_info    0x00020e76      0xfe1 Src\syscalls.o
 .debug_info    0x00021e57      0xc8e Src\system_stm32f1xx.o
 .debug_info    0x00022ae5       0x8b startup\startup_stm32f105xc.o

.debug_abbrev   0x00000000     0x4f4b
 .debug_abbrev  0x00000000      0x315 Drivers\STM32F1xx_HAL_Driver\Src\stm32f1xx_hal.o
 .debug_abbrev  0x00000315      0x2fb Drivers\STM32F1xx_HAL_Driver\Src\stm32f1xx_hal_adc.o
 .debug_abbrev  0x00000610      0x296 Drivers\STM32F1xx_HAL_Driver\Src\stm32f1xx_hal_adc_ex.o
 .debug_abbrev  0x000008a6      0x399 Drivers\STM32F1xx_HAL_Driver\Src\stm32f1xx_hal_cortex.o
 .debug_abbrev  0x00000c3f      0x29e Drivers\STM32F1xx_HAL_Driver\Src\stm32f1xx_hal_dma.o
 .debug_abbrev  0x00000edd      0x373 Drivers\STM32F1xx_HAL_Driver\Src\stm32f1xx_hal_flash.o
 .debug_abbrev  0x00001250      0x35a Drivers\STM32F1xx_HAL_Driver\Src\stm32f1xx_hal_flash_ex.o
 .debug_abbrev  0x000015aa      0x268 Drivers\STM32F1xx_HAL_Driver\Src\stm32f1xx_hal_gpio.o
 .debug_abbrev  0x00001812      0x383 Drivers\STM32F1xx_HAL_Driver\Src\stm32f1xx_hal_rcc.o
 .debug_abbrev  0x00001b95      0x287 Drivers\STM32F1xx_HAL_Driver\Src\stm32f1xx_hal_rcc_ex.o
 .debug_abbrev  0x00001e1c      0x364 Drivers\STM32F1xx_HAL_Driver\Src\stm32f1xx_hal_uart.o
 .debug_abbrev  0x00002180      0x468 Middlewares\Third_Party\FreeRTOS\Source\CMSIS_RTOS\cmsis_os.o
 .debug_abbrev  0x000025e8      0x1e3 Middlewares\Third_Party\FreeRTOS\Source\list.o
 .debug_abbrev  0x000027cb      0x249 Middlewares\Third_Party\FreeRTOS\Source\portable\GCC\ARM_CM3\port.o
 .debug_abbrev  0x00002a14      0x314 Middlewares\Third_Party\FreeRTOS\Source\portable\MemMang\heap_4.o
 .debug_abbrev  0x00002d28      0x3b6 Middlewares\Third_Party\FreeRTOS\Source\queue.o
 .debug_abbrev  0x000030de      0x419 Middlewares\Third_Party\FreeRTOS\Source\tasks.o
 .debug_abbrev  0x000034f7      0x203 Src\ScanBtn.o
 .debug_abbrev  0x000036fa      0x275 Src\analyze.o
 .debug_abbrev  0x0000396f      0x24e Src\controllerInit.o
 .debug_abbrev  0x00003bbd      0x217 Src\flashFunctions.o
 .debug_abbrev  0x00003dd4      0x360 Src\main.o
 .debug_abbrev  0x00004134      0x264 Src\processCommand.o
 .debug_abbrev  0x00004398      0x246 Src\stm32f1xx_hal_msp.o
 .debug_abbrev  0x000045de      0x211 Src\stm32f1xx_it.o
 .debug_abbrev  0x000047ef      0x28f Src\storeADCData.o
 .debug_abbrev  0x00004a7e      0x2d9 Src\syscalls.o
 .debug_abbrev  0x00004d57      0x1e2 Src\system_stm32f1xx.o
 .debug_abbrev  0x00004f39       0x12 startup\startup_stm32f105xc.o

.debug_loc      0x00000000     0x8735
 .debug_loc     0x00000000      0x11b Drivers\STM32F1xx_HAL_Driver\Src\stm32f1xx_hal.o
 .debug_loc     0x0000011b      0x873 Drivers\STM32F1xx_HAL_Driver\Src\stm32f1xx_hal_adc.o
 .debug_loc     0x0000098e      0x769 Drivers\STM32F1xx_HAL_Driver\Src\stm32f1xx_hal_adc_ex.o
 .debug_loc     0x000010f7      0x46b Drivers\STM32F1xx_HAL_Driver\Src\stm32f1xx_hal_cortex.o
 .debug_loc     0x00001562      0x5f2 Drivers\STM32F1xx_HAL_Driver\Src\stm32f1xx_hal_dma.o
 .debug_loc     0x00001b54      0x334 Drivers\STM32F1xx_HAL_Driver\Src\stm32f1xx_hal_flash.o
 .debug_loc     0x00001e88      0x6d0 Drivers\STM32F1xx_HAL_Driver\Src\stm32f1xx_hal_flash_ex.o
 .debug_loc     0x00002558      0x36a Drivers\STM32F1xx_HAL_Driver\Src\stm32f1xx_hal_gpio.o
 .debug_loc     0x000028c2      0x5a7 Drivers\STM32F1xx_HAL_Driver\Src\stm32f1xx_hal_rcc.o
 .debug_loc     0x00002e69      0x59c Drivers\STM32F1xx_HAL_Driver\Src\stm32f1xx_hal_rcc_ex.o
 .debug_loc     0x00003405     0x1311 Drivers\STM32F1xx_HAL_Driver\Src\stm32f1xx_hal_uart.o
 .debug_loc     0x00004716     0x102d Middlewares\Third_Party\FreeRTOS\Source\CMSIS_RTOS\cmsis_os.o
 .debug_loc     0x00005743       0x94 Middlewares\Third_Party\FreeRTOS\Source\list.o
 .debug_loc     0x000057d7       0xce Middlewares\Third_Party\FreeRTOS\Source\portable\GCC\ARM_CM3\port.o
 .debug_loc     0x000058a5      0x385 Middlewares\Third_Party\FreeRTOS\Source\portable\MemMang\heap_4.o
 .debug_loc     0x00005c2a      0xe0c Middlewares\Third_Party\FreeRTOS\Source\queue.o
 .debug_loc     0x00006a36     0x123d Middlewares\Third_Party\FreeRTOS\Source\tasks.o
 .debug_loc     0x00007c73       0x80 Src\ScanBtn.o
 .debug_loc     0x00007cf3       0x60 Src\analyze.o
 .debug_loc     0x00007d53       0x21 Src\controllerInit.o
 .debug_loc     0x00007d74       0x91 Src\flashFunctions.o
 .debug_loc     0x00007e05       0x87 Src\main.o
 .debug_loc     0x00007e8c      0x16a Src\processCommand.o
 .debug_loc     0x00007ff6       0xbb Src\stm32f1xx_hal_msp.o
 .debug_loc     0x000080b1       0xc6 Src\storeADCData.o
 .debug_loc     0x00008177      0x3ef Src\syscalls.o
 .debug_loc     0x00008566      0x1cf Src\system_stm32f1xx.o

.debug_aranges  0x00000000      0xe20
 .debug_aranges
                0x00000000       0xc8 Drivers\STM32F1xx_HAL_Driver\Src\stm32f1xx_hal.o
 .debug_aranges
                0x000000c8       0xc8 Drivers\STM32F1xx_HAL_Driver\Src\stm32f1xx_hal_adc.o
 .debug_aranges
                0x00000190       0x80 Drivers\STM32F1xx_HAL_Driver\Src\stm32f1xx_hal_adc_ex.o
 .debug_aranges
                0x00000210       0x90 Drivers\STM32F1xx_HAL_Driver\Src\stm32f1xx_hal_cortex.o
 .debug_aranges
                0x000002a0       0x78 Drivers\STM32F1xx_HAL_Driver\Src\stm32f1xx_hal_dma.o
 .debug_aranges
                0x00000318       0x78 Drivers\STM32F1xx_HAL_Driver\Src\stm32f1xx_hal_flash.o
 .debug_aranges
                0x00000390       0x60 Drivers\STM32F1xx_HAL_Driver\Src\stm32f1xx_hal_flash_ex.o
 .debug_aranges
                0x000003f0       0x58 Drivers\STM32F1xx_HAL_Driver\Src\stm32f1xx_hal_gpio.o
 .debug_aranges
                0x00000448       0x88 Drivers\STM32F1xx_HAL_Driver\Src\stm32f1xx_hal_rcc.o
 .debug_aranges
                0x000004d0       0x50 Drivers\STM32F1xx_HAL_Driver\Src\stm32f1xx_hal_rcc_ex.o
 .debug_aranges
                0x00000520      0x170 Drivers\STM32F1xx_HAL_Driver\Src\stm32f1xx_hal_uart.o
 .debug_aranges
                0x00000690      0x190 Middlewares\Third_Party\FreeRTOS\Source\CMSIS_RTOS\cmsis_os.o
 .debug_aranges
                0x00000820       0x40 Middlewares\Third_Party\FreeRTOS\Source\list.o
 .debug_aranges
                0x00000860       0x78 Middlewares\Third_Party\FreeRTOS\Source\portable\GCC\ARM_CM3\port.o
 .debug_aranges
                0x000008d8       0x48 Middlewares\Third_Party\FreeRTOS\Source\portable\MemMang\heap_4.o
 .debug_aranges
                0x00000920       0xc0 Middlewares\Third_Party\FreeRTOS\Source\queue.o
 .debug_aranges
                0x000009e0      0x170 Middlewares\Third_Party\FreeRTOS\Source\tasks.o
 .debug_aranges
                0x00000b50       0x20 Src\ScanBtn.o
 .debug_aranges
                0x00000b70       0x20 Src\analyze.o
 .debug_aranges
                0x00000b90       0x38 Src\controllerInit.o
 .debug_aranges
                0x00000bc8       0x28 Src\flashFunctions.o
 .debug_aranges
                0x00000bf0       0x48 Src\main.o
 .debug_aranges
                0x00000c38       0x20 Src\processCommand.o
 .debug_aranges
                0x00000c58       0x40 Src\stm32f1xx_hal_msp.o
 .debug_aranges
                0x00000c98       0x60 Src\stm32f1xx_it.o
 .debug_aranges
                0x00000cf8       0x28 Src\storeADCData.o
 .debug_aranges
                0x00000d20       0xb0 Src\syscalls.o
 .debug_aranges
                0x00000dd0       0x28 Src\system_stm32f1xx.o
 .debug_aranges
                0x00000df8       0x28 startup\startup_stm32f105xc.o

.debug_ranges   0x00000000     0x1258
 .debug_ranges  0x00000000       0xb8 Drivers\STM32F1xx_HAL_Driver\Src\stm32f1xx_hal.o
 .debug_ranges  0x000000b8       0xb8 Drivers\STM32F1xx_HAL_Driver\Src\stm32f1xx_hal_adc.o
 .debug_ranges  0x00000170       0x70 Drivers\STM32F1xx_HAL_Driver\Src\stm32f1xx_hal_adc_ex.o
 .debug_ranges  0x000001e0      0x128 Drivers\STM32F1xx_HAL_Driver\Src\stm32f1xx_hal_cortex.o
 .debug_ranges  0x00000308       0xa8 Drivers\STM32F1xx_HAL_Driver\Src\stm32f1xx_hal_dma.o
 .debug_ranges  0x000003b0       0xb8 Drivers\STM32F1xx_HAL_Driver\Src\stm32f1xx_hal_flash.o
 .debug_ranges  0x00000468       0xe0 Drivers\STM32F1xx_HAL_Driver\Src\stm32f1xx_hal_flash_ex.o
 .debug_ranges  0x00000548       0x60 Drivers\STM32F1xx_HAL_Driver\Src\stm32f1xx_hal_gpio.o
 .debug_ranges  0x000005a8       0xa0 Drivers\STM32F1xx_HAL_Driver\Src\stm32f1xx_hal_rcc.o
 .debug_ranges  0x00000648       0x60 Drivers\STM32F1xx_HAL_Driver\Src\stm32f1xx_hal_rcc_ex.o
 .debug_ranges  0x000006a8      0x190 Drivers\STM32F1xx_HAL_Driver\Src\stm32f1xx_hal_uart.o
 .debug_ranges  0x00000838      0x198 Middlewares\Third_Party\FreeRTOS\Source\CMSIS_RTOS\cmsis_os.o
 .debug_ranges  0x000009d0       0x30 Middlewares\Third_Party\FreeRTOS\Source\list.o
 .debug_ranges  0x00000a00       0x80 Middlewares\Third_Party\FreeRTOS\Source\portable\GCC\ARM_CM3\port.o
 .debug_ranges  0x00000a80       0x38 Middlewares\Third_Party\FreeRTOS\Source\portable\MemMang\heap_4.o
 .debug_ranges  0x00000ab8      0x1a0 Middlewares\Third_Party\FreeRTOS\Source\queue.o
 .debug_ranges  0x00000c58      0x288 Middlewares\Third_Party\FreeRTOS\Source\tasks.o
 .debug_ranges  0x00000ee0       0x10 Src\ScanBtn.o
 .debug_ranges  0x00000ef0       0x10 Src\analyze.o
 .debug_ranges  0x00000f00       0x28 Src\controllerInit.o
 .debug_ranges  0x00000f28       0x18 Src\flashFunctions.o
 .debug_ranges  0x00000f40       0xf8 Src\main.o
 .debug_ranges  0x00001038       0x10 Src\processCommand.o
 .debug_ranges  0x00001048       0xd0 Src\stm32f1xx_hal_msp.o
 .debug_ranges  0x00001118       0x50 Src\stm32f1xx_it.o
 .debug_ranges  0x00001168       0x18 Src\storeADCData.o
 .debug_ranges  0x00001180       0xa0 Src\syscalls.o
 .debug_ranges  0x00001220       0x18 Src\system_stm32f1xx.o
 .debug_ranges  0x00001238       0x20 startup\startup_stm32f105xc.o

.debug_line     0x00000000     0x99a3
 .debug_line    0x00000000      0x461 Drivers\STM32F1xx_HAL_Driver\Src\stm32f1xx_hal.o
 .debug_line    0x00000461      0x86c Drivers\STM32F1xx_HAL_Driver\Src\stm32f1xx_hal_adc.o
 .debug_line    0x00000ccd      0x72b Drivers\STM32F1xx_HAL_Driver\Src\stm32f1xx_hal_adc_ex.o
 .debug_line    0x000013f8      0x469 Drivers\STM32F1xx_HAL_Driver\Src\stm32f1xx_hal_cortex.o
 .debug_line    0x00001861      0x7bc Drivers\STM32F1xx_HAL_Driver\Src\stm32f1xx_hal_dma.o
 .debug_line    0x0000201d      0x51e Drivers\STM32F1xx_HAL_Driver\Src\stm32f1xx_hal_flash.o
 .debug_line    0x0000253b      0x551 Drivers\STM32F1xx_HAL_Driver\Src\stm32f1xx_hal_flash_ex.o
 .debug_line    0x00002a8c      0x45e Drivers\STM32F1xx_HAL_Driver\Src\stm32f1xx_hal_gpio.o
 .debug_line    0x00002eea      0x683 Drivers\STM32F1xx_HAL_Driver\Src\stm32f1xx_hal_rcc.o
 .debug_line    0x0000356d      0x4d9 Drivers\STM32F1xx_HAL_Driver\Src\stm32f1xx_hal_rcc_ex.o
 .debug_line    0x00003a46      0xc45 Drivers\STM32F1xx_HAL_Driver\Src\stm32f1xx_hal_uart.o
 .debug_line    0x0000468b      0x8da Middlewares\Third_Party\FreeRTOS\Source\CMSIS_RTOS\cmsis_os.o
 .debug_line    0x00004f65      0x363 Middlewares\Third_Party\FreeRTOS\Source\list.o
 .debug_line    0x000052c8      0x315 Middlewares\Third_Party\FreeRTOS\Source\portable\GCC\ARM_CM3\port.o
 .debug_line    0x000055dd      0x40f Middlewares\Third_Party\FreeRTOS\Source\portable\MemMang\heap_4.o
 .debug_line    0x000059ec      0x814 Middlewares\Third_Party\FreeRTOS\Source\queue.o
 .debug_line    0x00006200      0xbb6 Middlewares\Third_Party\FreeRTOS\Source\tasks.o
 .debug_line    0x00006db6      0x374 Src\ScanBtn.o
 .debug_line    0x0000712a      0x424 Src\analyze.o
 .debug_line    0x0000754e      0x431 Src\controllerInit.o
 .debug_line    0x0000797f      0x350 Src\flashFunctions.o
 .debug_line    0x00007ccf      0x59c Src\main.o
 .debug_line    0x0000826b      0x470 Src\processCommand.o
 .debug_line    0x000086db      0x3e6 Src\stm32f1xx_hal_msp.o
 .debug_line    0x00008ac1      0x39c Src\stm32f1xx_it.o
 .debug_line    0x00008e5d      0x43f Src\storeADCData.o
 .debug_line    0x0000929c      0x3c0 Src\syscalls.o
 .debug_line    0x0000965c      0x2c9 Src\system_stm32f1xx.o
 .debug_line    0x00009925       0x7e startup\startup_stm32f105xc.o

.debug_str      0x00000000     0x5249
 .debug_str     0x00000000      0xca0 Drivers\STM32F1xx_HAL_Driver\Src\stm32f1xx_hal.o
                                0xd63 (size before relaxing)
 .debug_str     0x00000ca0      0x621 Drivers\STM32F1xx_HAL_Driver\Src\stm32f1xx_hal_adc.o
                                0xd9d (size before relaxing)
 .debug_str     0x000012c1      0x291 Drivers\STM32F1xx_HAL_Driver\Src\stm32f1xx_hal_adc_ex.o
                                0xd50 (size before relaxing)
 .debug_str     0x00001552      0x2d8 Drivers\STM32F1xx_HAL_Driver\Src\stm32f1xx_hal_cortex.o
                                0xe7d (size before relaxing)
 .debug_str     0x0000182a      0x220 Drivers\STM32F1xx_HAL_Driver\Src\stm32f1xx_hal_dma.o
                                0xb0d (size before relaxing)
 .debug_str     0x00001a4a      0x29b Drivers\STM32F1xx_HAL_Driver\Src\stm32f1xx_hal_flash.o
                                0xa2d (size before relaxing)
 .debug_str     0x00001ce5      0x2c9 Drivers\STM32F1xx_HAL_Driver\Src\stm32f1xx_hal_flash_ex.o
                                0xb43 (size before relaxing)
 .debug_str     0x00001fae      0x1c6 Drivers\STM32F1xx_HAL_Driver\Src\stm32f1xx_hal_gpio.o
                                0x924 (size before relaxing)
 .debug_str     0x00002174      0x36b Drivers\STM32F1xx_HAL_Driver\Src\stm32f1xx_hal_rcc.o
                                0xb6f (size before relaxing)
 .debug_str     0x000024df      0x1d6 Drivers\STM32F1xx_HAL_Driver\Src\stm32f1xx_hal_rcc_ex.o
                                0xa0a (size before relaxing)
 .debug_str     0x000026b5      0x6d3 Drivers\STM32F1xx_HAL_Driver\Src\stm32f1xx_hal_uart.o
                               0x105e (size before relaxing)
 .debug_str     0x00002d88      0xb35 Middlewares\Third_Party\FreeRTOS\Source\CMSIS_RTOS\cmsis_os.o
                               0x11f6 (size before relaxing)
 .debug_str     0x000038bd      0x159 Middlewares\Third_Party\FreeRTOS\Source\list.o
                                0x743 (size before relaxing)
 .debug_str     0x00003a16      0x20e Middlewares\Third_Party\FreeRTOS\Source\portable\GCC\ARM_CM3\port.o
                                0x462 (size before relaxing)
 .debug_str     0x00003c24      0x1e1 Middlewares\Third_Party\FreeRTOS\Source\portable\MemMang\heap_4.o
                                0x82c (size before relaxing)
 .debug_str     0x00003e05      0x46d Middlewares\Third_Party\FreeRTOS\Source\queue.o
                                0xd3c (size before relaxing)
 .debug_str     0x00004272      0x6f3 Middlewares\Third_Party\FreeRTOS\Source\tasks.o
                               0x123e (size before relaxing)
 .debug_str     0x00004965       0x4c Src\ScanBtn.o
                                0xadf (size before relaxing)
 .debug_str     0x000049b1      0x172 Src\analyze.o
                                0xc4f (size before relaxing)
 .debug_str     0x00004b23      0x119 Src\controllerInit.o
                                0xd69 (size before relaxing)
 .debug_str     0x00004c3c       0x55 Src\flashFunctions.o
                                0xb99 (size before relaxing)
 .debug_str     0x00004c91       0xf3 Src\main.o
                               0x16bd (size before relaxing)
 .debug_str     0x00004d84       0x7d Src\processCommand.o
                                0xc81 (size before relaxing)
 .debug_str     0x00004e01       0x1b Src\stm32f1xx_hal_msp.o
                               0x10b5 (size before relaxing)
 .debug_str     0x00004e1c       0xc8 Src\stm32f1xx_it.o
                                0xc4a (size before relaxing)
 .debug_str     0x00004ee4       0x99 Src\storeADCData.o
                                0xb78 (size before relaxing)
 .debug_str     0x00004f7d      0x24c Src\syscalls.o
                                0x86a (size before relaxing)
 .debug_str     0x000051c9       0x80 Src\system_stm32f1xx.o
                                0x7ba (size before relaxing)

.comment        0x00000000       0x7c
 .comment       0x00000000       0x7c Drivers\STM32F1xx_HAL_Driver\Src\stm32f1xx_hal.o
                                 0x7d (size before relaxing)
 .comment       0x0000007c       0x7d Drivers\STM32F1xx_HAL_Driver\Src\stm32f1xx_hal_adc.o
 .comment       0x0000007c       0x7d Drivers\STM32F1xx_HAL_Driver\Src\stm32f1xx_hal_adc_ex.o
 .comment       0x0000007c       0x7d Drivers\STM32F1xx_HAL_Driver\Src\stm32f1xx_hal_cortex.o
 .comment       0x0000007c       0x7d Drivers\STM32F1xx_HAL_Driver\Src\stm32f1xx_hal_dma.o
 .comment       0x0000007c       0x7d Drivers\STM32F1xx_HAL_Driver\Src\stm32f1xx_hal_flash.o
 .comment       0x0000007c       0x7d Drivers\STM32F1xx_HAL_Driver\Src\stm32f1xx_hal_flash_ex.o
 .comment       0x0000007c       0x7d Drivers\STM32F1xx_HAL_Driver\Src\stm32f1xx_hal_gpio.o
 .comment       0x0000007c       0x7d Drivers\STM32F1xx_HAL_Driver\Src\stm32f1xx_hal_rcc.o
 .comment       0x0000007c       0x7d Drivers\STM32F1xx_HAL_Driver\Src\stm32f1xx_hal_rcc_ex.o
 .comment       0x0000007c       0x7d Drivers\STM32F1xx_HAL_Driver\Src\stm32f1xx_hal_uart.o
 .comment       0x0000007c       0x7d Middlewares\Third_Party\FreeRTOS\Source\CMSIS_RTOS\cmsis_os.o
 .comment       0x0000007c       0x7d Middlewares\Third_Party\FreeRTOS\Source\list.o
 .comment       0x0000007c       0x7d Middlewares\Third_Party\FreeRTOS\Source\portable\GCC\ARM_CM3\port.o
 .comment       0x0000007c       0x7d Middlewares\Third_Party\FreeRTOS\Source\portable\MemMang\heap_4.o
 .comment       0x0000007c       0x7d Middlewares\Third_Party\FreeRTOS\Source\queue.o
 .comment       0x0000007c       0x7d Middlewares\Third_Party\FreeRTOS\Source\tasks.o
 .comment       0x0000007c       0x7d Src\ScanBtn.o
 .comment       0x0000007c       0x7d Src\analyze.o
 .comment       0x0000007c       0x7d Src\controllerInit.o
 .comment       0x0000007c       0x7d Src\flashFunctions.o
 .comment       0x0000007c       0x7d Src\main.o
 .comment       0x0000007c       0x7d Src\processCommand.o
 .comment       0x0000007c       0x7d Src\stm32f1xx_hal_msp.o
 .comment       0x0000007c       0x7d Src\stm32f1xx_it.o
 .comment       0x0000007c       0x7d Src\storeADCData.o
 .comment       0x0000007c       0x7d Src\syscalls.o
 .comment       0x0000007c       0x7d Src\system_stm32f1xx.o

.debug_frame    0x00000000     0x2eb8
 .debug_frame   0x00000000      0x1b0 Drivers\STM32F1xx_HAL_Driver\Src\stm32f1xx_hal.o
 .debug_frame   0x000001b0      0x298 Drivers\STM32F1xx_HAL_Driver\Src\stm32f1xx_hal_adc.o
 .debug_frame   0x00000448      0x170 Drivers\STM32F1xx_HAL_Driver\Src\stm32f1xx_hal_adc_ex.o
 .debug_frame   0x000005b8      0x120 Drivers\STM32F1xx_HAL_Driver\Src\stm32f1xx_hal_cortex.o
 .debug_frame   0x000006d8      0x144 Drivers\STM32F1xx_HAL_Driver\Src\stm32f1xx_hal_dma.o
 .debug_frame   0x0000081c      0x120 Drivers\STM32F1xx_HAL_Driver\Src\stm32f1xx_hal_flash.o
 .debug_frame   0x0000093c       0xf0 Drivers\STM32F1xx_HAL_Driver\Src\stm32f1xx_hal_flash_ex.o
 .debug_frame   0x00000a2c       0xd4 Drivers\STM32F1xx_HAL_Driver\Src\stm32f1xx_hal_gpio.o
 .debug_frame   0x00000b00      0x154 Drivers\STM32F1xx_HAL_Driver\Src\stm32f1xx_hal_rcc.o
 .debug_frame   0x00000c54       0xf4 Drivers\STM32F1xx_HAL_Driver\Src\stm32f1xx_hal_rcc_ex.o
 .debug_frame   0x00000d48      0x4a0 Drivers\STM32F1xx_HAL_Driver\Src\stm32f1xx_hal_uart.o
 .debug_frame   0x000011e8      0x4d4 Middlewares\Third_Party\FreeRTOS\Source\CMSIS_RTOS\cmsis_os.o
 .debug_frame   0x000016bc       0x6c Middlewares\Third_Party\FreeRTOS\Source\list.o
 .debug_frame   0x00001728       0xe0 Middlewares\Third_Party\FreeRTOS\Source\portable\GCC\ARM_CM3\port.o
 .debug_frame   0x00001808       0x98 Middlewares\Third_Party\FreeRTOS\Source\portable\MemMang\heap_4.o
 .debug_frame   0x000018a0      0x264 Middlewares\Third_Party\FreeRTOS\Source\queue.o
 .debug_frame   0x00001b04      0x4ac Middlewares\Third_Party\FreeRTOS\Source\tasks.o
 .debug_frame   0x00001fb0       0x30 Src\ScanBtn.o
 .debug_frame   0x00001fe0       0x38 Src\analyze.o
 .debug_frame   0x00002018       0x68 Src\controllerInit.o
 .debug_frame   0x00002080       0x4c Src\flashFunctions.o
 .debug_frame   0x000020cc       0xac Src\main.o
 .debug_frame   0x00002178       0x38 Src\processCommand.o
 .debug_frame   0x000021b0       0xac Src\stm32f1xx_hal_msp.o
 .debug_frame   0x0000225c       0xbc Src\stm32f1xx_it.o
 .debug_frame   0x00002318       0x50 Src\storeADCData.o
 .debug_frame   0x00002368      0x1a8 Src\syscalls.o
 .debug_frame   0x00002510       0x3c Src\system_stm32f1xx.o
 .debug_frame   0x0000254c       0x20 c:/program files (x86)/atollic/truestudio for stm32 9.1.0/armtools/bin/../lib/gcc/arm-atollic-eabi/6.3.1/../../../../arm-atollic-eabi/lib/armv7-m\libc_nano.a(lib_a-errno.o)
 .debug_frame   0x0000256c       0x28 c:/program files (x86)/atollic/truestudio for stm32 9.1.0/armtools/bin/../lib/gcc/arm-atollic-eabi/6.3.1/../../../../arm-atollic-eabi/lib/armv7-m\libc_nano.a(lib_a-memcpy-stub.o)
 .debug_frame   0x00002594       0x20 c:/program files (x86)/atollic/truestudio for stm32 9.1.0/armtools/bin/../lib/gcc/arm-atollic-eabi/6.3.1/../../../../arm-atollic-eabi/lib/armv7-m\libc_nano.a(lib_a-memset.o)
 .debug_frame   0x000025b4       0x70 c:/program files (x86)/atollic/truestudio for stm32 9.1.0/armtools/bin/../lib/gcc/arm-atollic-eabi/6.3.1/../../../../arm-atollic-eabi/lib/armv7-m\libc_nano.a(lib_a-sprintf.o)
 .debug_frame   0x00002624       0x80 c:/program files (x86)/atollic/truestudio for stm32 9.1.0/armtools/bin/../lib/gcc/arm-atollic-eabi/6.3.1/../../../../arm-atollic-eabi/lib/armv7-m\libc_nano.a(lib_a-sscanf.o)
 .debug_frame   0x000026a4       0x88 c:/program files (x86)/atollic/truestudio for stm32 9.1.0/armtools/bin/../lib/gcc/arm-atollic-eabi/6.3.1/../../../../arm-atollic-eabi/lib/armv7-m\libc_nano.a(lib_a-stdio.o)